[    0.000000] Initializing cgroup subsys cpuset
[    0.000000] Initializing cgroup subsys cpu
[    0.000000] Initializing cgroup subsys cpuacct
[    0.000000] Linux version 4.4.0-210-generic (buildd@lgw01-amd64-009) (gcc version 5.4.0 20160609 (Ubuntu 5.4.0-6ubuntu1~16.04.12) ) #242-Ubuntu SMP Fri Apr 16 09:57:56 UTC 2021 (Ubuntu 4.4.0-210.242-generic 4.4.262)
[    0.000000] Command line: BOOT_IMAGE=/boot/vmlinuz-4.4.0-210-generic root=LABEL=cloudimg-rootfs ro console=tty1 console=ttyS0
[    0.000000] KERNEL supported cpus:
[    0.000000]   Intel GenuineIntel
[    0.000000]   AMD AuthenticAMD
[    0.000000]   Centaur CentaurHauls
[    0.000000] x86/fpu: xstate_offset[2]:  576, xstate_sizes[2]:  256
[    0.000000] x86/fpu: Supporting XSAVE feature 0x01: 'x87 floating point registers'
[    0.000000] x86/fpu: Supporting XSAVE feature 0x02: 'SSE registers'
[    0.000000] x86/fpu: Supporting XSAVE feature 0x04: 'AVX registers'
[    0.000000] x86/fpu: Enabled xstate features 0x7, context size is 832 bytes, using 'standard' format.
[    0.000000] e820: BIOS-provided physical RAM map:
[    0.000000] BIOS-e820: [mem 0x0000000000000000-0x000000000009fbff] usable
[    0.000000] BIOS-e820: [mem 0x000000000009fc00-0x000000000009ffff] reserved
[    0.000000] BIOS-e820: [mem 0x00000000000f0000-0x00000000000fffff] reserved
[    0.000000] BIOS-e820: [mem 0x0000000000100000-0x000000003ffeffff] usable
[    0.000000] BIOS-e820: [mem 0x000000003fff0000-0x000000003fffffff] ACPI data
[    0.000000] BIOS-e820: [mem 0x00000000fec00000-0x00000000fec00fff] reserved
[    0.000000] BIOS-e820: [mem 0x00000000fee00000-0x00000000fee00fff] reserved
[    0.000000] BIOS-e820: [mem 0x00000000fffc0000-0x00000000ffffffff] reserved
[    0.000000] NX (Execute Disable) protection: active
[    0.000000] SMBIOS 2.5 present.
[    0.000000] Hypervisor detected: KVM
[    0.000000] e820: last_pfn = 0x3fff0 max_arch_pfn = 0x400000000
[    0.000000] MTRR: Disabled
[    0.000000] x86/PAT: MTRRs disabled, skipping PAT initialization too.
[    0.000000] CPU MTRRs all blank - virtualized system.
[    0.000000] x86/PAT: Configuration [0-7]: WB  WT  UC- UC  WB  WT  UC- UC  
[    0.000000] found SMP MP-table at [mem 0x0009fff0-0x0009ffff] mapped at [ffff88000009fff0]
[    0.000000] Scanning 1 areas for low memory corruption
[    0.000000] RAMDISK: [mem 0x362dc000-0x37165fff]
[    0.000000] ACPI: Early table checksum verification disabled
[    0.000000] ACPI: RSDP 0x00000000000E0000 000024 (v02 VBOX  )
[    0.000000] ACPI: XSDT 0x000000003FFF0030 00003C (v01 VBOX   VBOXXSDT 00000001 ASL  00000061)
[    0.000000] ACPI: FACP 0x000000003FFF00F0 0000F4 (v04 VBOX   VBOXFACP 00000001 ASL  00000061)
[    0.000000] ACPI: DSDT 0x000000003FFF0610 002353 (v02 VBOX   VBOXBIOS 00000002 INTL 20200528)
[    0.000000] ACPI: FACS 0x000000003FFF0200 000040
[    0.000000] ACPI: FACS 0x000000003FFF0200 000040
[    0.000000] ACPI: APIC 0x000000003FFF0240 000054 (v02 VBOX   VBOXAPIC 00000001 ASL  00000061)
[    0.000000] ACPI: SSDT 0x000000003FFF02A0 00036C (v01 VBOX   VBOXCPUT 00000002 INTL 20200528)
[    0.000000] No NUMA configuration found
[    0.000000] Faking a node at [mem 0x0000000000000000-0x000000003ffeffff]
[    0.000000] NODE_DATA(0) allocated [mem 0x3ffeb000-0x3ffeffff]
[    0.000000] kvm-clock: Using msrs 4b564d01 and 4b564d00
[    0.000000] kvm-clock: cpu 0, msr 0:3ffe3001, primary cpu clock
[    0.000000] kvm-clock: using sched offset of 3211828720 cycles
[    0.000000] clocksource: kvm-clock: mask: 0xffffffffffffffff max_cycles: 0x1cd42e4dffb, max_idle_ns: 881590591483 ns
[    0.000000] Zone ranges:
[    0.000000]   DMA      [mem 0x0000000000001000-0x0000000000ffffff]
[    0.000000]   DMA32    [mem 0x0000000001000000-0x000000003ffeffff]
[    0.000000]   Normal   empty
[    0.000000]   Device   empty
[    0.000000] Movable zone start for each node
[    0.000000] Early memory node ranges
[    0.000000]   node   0: [mem 0x0000000000001000-0x000000000009efff]
[    0.000000]   node   0: [mem 0x0000000000100000-0x000000003ffeffff]
[    0.000000] Initmem setup node 0 [mem 0x0000000000001000-0x000000003ffeffff]
[    0.000000] ACPI: PM-Timer IO Port: 0x4008
[    0.000000] IOAPIC[0]: apic_id 1, version 32, address 0xfec00000, GSI 0-23
[    0.000000] ACPI: INT_SRC_OVR (bus 0 bus_irq 0 global_irq 2 dfl dfl)
[    0.000000] ACPI: INT_SRC_OVR (bus 0 bus_irq 9 global_irq 9 low level)
[    0.000000] Using ACPI (MADT) for SMP configuration information
[    0.000000] smpboot: Allowing 1 CPUs, 0 hotplug CPUs
[    0.000000] PM: Registered nosave memory: [mem 0x00000000-0x00000fff]
[    0.000000] PM: Registered nosave memory: [mem 0x0009f000-0x0009ffff]
[    0.000000] PM: Registered nosave memory: [mem 0x000a0000-0x000effff]
[    0.000000] PM: Registered nosave memory: [mem 0x000f0000-0x000fffff]
[    0.000000] e820: [mem 0x40000000-0xfebfffff] available for PCI devices
[    0.000000] Booting paravirtualized kernel on KVM
[    0.000000] clocksource: refined-jiffies: mask: 0xffffffff max_cycles: 0xffffffff, max_idle_ns: 7645519600211568 ns
[    0.000000] setup_percpu: NR_CPUS:512 nr_cpumask_bits:512 nr_cpu_ids:1 nr_node_ids:1
[    0.000000] PERCPU: Embedded 33 pages/cpu @ffff88003fc00000 s95192 r8192 d31784 u2097152
[    0.000000] Built 1 zonelists in Node order, mobility grouping on.  Total pages: 257912
[    0.000000] Policy zone: DMA32
[    0.000000] Kernel command line: BOOT_IMAGE=/boot/vmlinuz-4.4.0-210-generic root=LABEL=cloudimg-rootfs ro console=tty1 console=ttyS0
[    0.000000] PID hash table entries: 4096 (order: 3, 32768 bytes)
[    0.000000] Memory: 997924K/1048120K available (8644K kernel code, 1332K rwdata, 4044K rodata, 1492K init, 1164K bss, 50196K reserved, 0K cma-reserved)
[    0.000000] SLUB: HWalign=64, Order=0-3, MinObjects=0, CPUs=1, Nodes=1
[    0.000000] Kernel/User page tables isolation: enabled
[    0.000000] Hierarchical RCU implementation.
[    0.000000] 	Build-time adjustment of leaf fanout to 64.
[    0.000000] 	RCU restricting CPUs from NR_CPUS=512 to nr_cpu_ids=1.
[    0.000000] RCU: Adjusting geometry for rcu_fanout_leaf=64, nr_cpu_ids=1
[    0.000000] NR_IRQS:33024 nr_irqs:256 16
[    0.000000] Console: colour VGA+ 80x25
[    0.000000] console [tty1] enabled
[    0.000000] console [ttyS0] enabled
[    0.000000] tsc: Detected 2307.818 MHz processor
[    0.354788] Calibrating delay loop (skipped) preset value.. 4615.63 BogoMIPS (lpj=9231272)
[    0.359248] pid_max: default: 32768 minimum: 301
[    0.361802] ACPI: Core revision 20150930
[    0.364783] ACPI: 2 ACPI AML tables successfully acquired and loaded
[    0.368664] Security Framework initialized
[    0.370988] Yama: becoming mindful.
[    0.373759] AppArmor: AppArmor initialized
[    0.376017] Dentry cache hash table entries: 131072 (order: 8, 1048576 bytes)
[    0.380335] Inode-cache hash table entries: 65536 (order: 7, 524288 bytes)
[    0.384788] Mount-cache hash table entries: 2048 (order: 2, 16384 bytes)
[    0.388404] Mountpoint-cache hash table entries: 2048 (order: 2, 16384 bytes)
[    0.392396] Initializing cgroup subsys io
[    0.394531] Initializing cgroup subsys memory
[    0.396825] Initializing cgroup subsys devices
[    0.399151] Initializing cgroup subsys freezer
[    0.401732] Initializing cgroup subsys net_cls
[    0.404227] Initializing cgroup subsys perf_event
[    0.406736] Initializing cgroup subsys net_prio
[    0.409128] Initializing cgroup subsys hugetlb
[    0.411578] Initializing cgroup subsys pids
[    0.415506] mce: CPU supports 0 MCE banks
[    0.417742] process: using mwait in idle threads
[    0.420422] Last level iTLB entries: 4KB 64, 2MB 8, 4MB 8
[    0.423780] Last level dTLB entries: 4KB 64, 2MB 0, 4MB 0, 1GB 4
[    0.426788] Spectre V1 : Mitigation: usercopy/swapgs barriers and __user pointer sanitization
[    0.431048] Spectre V2 : Mitigation: Full generic retpoline
[    0.435071] Spectre V2 : Spectre v2 / SpectreRSB mitigation: Filling RSB on context switch
[    0.439568] Speculative Store Bypass: Vulnerable
[    0.442131] SRBDS: Unknown: Dependent on hypervisor status
[    0.445428] MDS: Mitigation: Clear CPU buffers
[    0.579078] Freeing SMP alternatives memory: 36K
[    0.639935] ftrace: allocating 32380 entries in 127 pages
[    1.049721] smpboot: APIC(0) Converting physical 0 to logical package 0
[    1.054551] smpboot: Max logical packages: 1
[    1.058330] x2apic enabled
[    1.061264] Switched APIC routing to physical x2apic.
[    1.070187] ..TIMER: vector=0x30 apic1=0 pin1=2 apic2=-1 pin2=-1
[    1.181707] APIC calibration not consistent with PM-Timer: 192ms instead of 100ms
[    1.185995] APIC delta adjusted to PM-Timer: 6249989 (12000684)
[    1.189275] smpboot: CPU0: Intel(R) Core(TM) i9-9880H CPU @ 2.30GHz (family: 0x6, model: 0x9e, stepping: 0xd)
[    1.195014] Performance Events: unsupported p6 CPU model 158 no PMU driver, software events only.
[    1.265337] KVM setup paravirtual spinlock
[    1.268377] x86: Booted up 1 node, 1 CPUs
[    1.271407] smpboot: Total of 1 processors activated (4615.63 BogoMIPS)
[    1.275926] devtmpfs: initialized
[    1.279315] evm: security.selinux
[    1.281166] evm: security.SMACK64
[    1.283072] evm: security.SMACK64EXEC
[    1.285090] evm: security.SMACK64TRANSMUTE
[    1.287489] evm: security.SMACK64MMAP
[    1.289639] evm: security.ima
[    1.291448] evm: security.capability
[    1.293545] clocksource: jiffies: mask: 0xffffffff max_cycles: 0xffffffff, max_idle_ns: 7645041785100000 ns
[    1.298977] futex hash table entries: 256 (order: 2, 16384 bytes)
[    1.302615] pinctrl core: initialized pinctrl subsystem
[    1.305640] RTC time: 10:23:49, date: 03/25/23
[    1.308093] NET: Registered protocol family 16
[    1.310643] cpuidle: using governor ladder
[    1.312953] cpuidle: using governor menu
[    1.315044] PCCT header not found.
[    1.317355] ACPI: bus type PCI registered
[    1.319649] acpiphp: ACPI Hot Plug PCI Controller Driver version: 0.5
[    1.323480] PCI: Using configuration type 1 for base access
[    1.327598] ACPI: Added _OSI(Module Device)
[    1.329824] ACPI: Added _OSI(Processor Device)
[    1.332327] ACPI: Added _OSI(3.0 _SCP Extensions)
[    1.334924] ACPI: Added _OSI(Processor Aggregator Device)
[    1.338493] ACPI: Executed 1 blocks of module-level executable AML code
[    1.344387] ACPI: Interpreter enabled
[    1.346349] ACPI: (supports S0 S5)
[    1.348195] ACPI: Using IOAPIC for interrupt routing
[    1.351309] PCI: Using host bridge windows from ACPI; if necessary, use "pci=nocrs" and report a bug
[    1.362162] ACPI: PCI Root Bridge [PCI0] (domain 0000 [bus 00-ff])
[    1.365255] acpi PNP0A03:00: _OSC: OS supports [ASPM ClockPM Segments MSI]
[    1.369372] acpi PNP0A03:00: _OSC: not requesting OS control; OS requires [ExtendedConfig ASPM ClockPM MSI]
[    1.375113] acpi PNP0A03:00: fail to add MMCONFIG information, can't access extended PCI configuration space under this bridge.
[    1.381409] PCI host bridge to bus 0000:00
[    1.383635] pci_bus 0000:00: root bus resource [io  0x0000-0x0cf7 window]
[    1.387373] pci_bus 0000:00: root bus resource [io  0x0d00-0xffff window]
[    1.391059] pci_bus 0000:00: root bus resource [mem 0x000a0000-0x000bffff window]
[    1.394956] pci_bus 0000:00: root bus resource [mem 0x40000000-0xfdffffff window]
[    1.398836] pci_bus 0000:00: root bus resource [bus 00-ff]
[    1.406395] pci 0000:00:01.1: legacy IDE quirk: reg 0x10: [io  0x01f0-0x01f7]
[    1.419998] pci 0000:00:01.1: legacy IDE quirk: reg 0x14: [io  0x03f6]
[    1.423607] pci 0000:00:01.1: legacy IDE quirk: reg 0x18: [io  0x0170-0x0177]
[    1.427144] pci 0000:00:01.1: legacy IDE quirk: reg 0x1c: [io  0x0376]
[    1.461785] pci 0000:00:07.0: quirk: [io  0x4000-0x403f] claimed by PIIX4 ACPI
[    1.465653] pci 0000:00:07.0: quirk: [io  0x4100-0x410f] claimed by PIIX4 SMB
[    1.478890] ACPI: PCI Interrupt Link [LNKA] (IRQs 5 9 10 *11)
[    1.483911] ACPI: PCI Interrupt Link [LNKB] (IRQs 5 9 *10 11)
[    1.488518] ACPI: PCI Interrupt Link [LNKC] (IRQs 5 *9 10 11)
[    1.492950] ACPI: PCI Interrupt Link [LNKD] (IRQs 5 9 10 *11)
[    1.497438] ACPI: Enabled 2 GPEs in block 00 to 07
[    1.500773] vgaarb: setting as boot device: PCI:0000:00:02.0
[    1.503735] vgaarb: device added: PCI:0000:00:02.0,decodes=io+mem,owns=io+mem,locks=none
[    1.507861] vgaarb: loaded
[    1.509389] vgaarb: bridge control possible 0000:00:02.0
[    1.512536] SCSI subsystem initialized
[    1.514716] ACPI: bus type USB registered
[    1.516911] usbcore: registered new interface driver usbfs
[    1.520188] usbcore: registered new interface driver hub
[    1.523083] usbcore: registered new device driver usb
[    1.525886] PCI: Using ACPI for IRQ routing
[    1.528672] NetLabel: Initializing
[    1.530806] NetLabel:  domain hash size = 128
[    1.533179] NetLabel:  protocols = UNLABELED CIPSOv4
[    1.535845] NetLabel:  unlabeled traffic allowed by default
[    1.538850] amd_nb: Cannot enumerate AMD northbridges
[    1.541767] clocksource: Switched to clocksource kvm-clock
[    1.553025] AppArmor: AppArmor Filesystem Enabled
[    1.555659] pnp: PnP ACPI init
[    1.558831] pnp: PnP ACPI: found 3 devices
[    1.567953] clocksource: acpi_pm: mask: 0xffffff max_cycles: 0xffffff, max_idle_ns: 2085701024 ns
[    1.572735] NET: Registered protocol family 2
[    1.575330] TCP established hash table entries: 8192 (order: 4, 65536 bytes)
[    1.578897] TCP bind hash table entries: 8192 (order: 5, 131072 bytes)
[    1.582505] TCP: Hash tables configured (established 8192 bind 8192)
[    1.586143] UDP hash table entries: 512 (order: 2, 16384 bytes)
[    1.589259] UDP-Lite hash table entries: 512 (order: 2, 16384 bytes)
[    1.592634] NET: Registered protocol family 1
[    1.594962] pci 0000:00:00.0: Limiting direct PCI/PCI transfers
[    1.598037] pci 0000:00:01.0: Activating ISA DMA hang workarounds
[    1.601889] Unpacking initramfs...
[    1.821213] Freeing initrd memory: 14888K
[    1.823660] clocksource: tsc: mask: 0xffffffffffffffff max_cycles: 0x21440e86349, max_idle_ns: 440795252455 ns
[    1.828790] platform rtc_cmos: registered platform RTC device (no PNP device found)
[    1.835006] Scanning for low memory corruption every 60 seconds
[    1.839110] audit: initializing netlink subsys (disabled)
[    1.842300] audit: type=2000 audit(1679739833.607:1): initialized
[    1.846045] Initialise system trusted keyring
[    1.848816] HugeTLB registered 2 MB page size, pre-allocated 0 pages
[    1.854198] zbud: loaded
[    1.856169] VFS: Disk quotas dquot_6.6.0
[    1.858574] VFS: Dquot-cache hash table entries: 512 (order 0, 4096 bytes)
[    1.862838] squashfs: version 4.0 (2009/01/31) Phillip Lougher
[    1.866513] fuse init (API version 7.23)
[    1.869543] Key type big_key registered
[    1.871907] Allocating IMA MOK and blacklist keyrings.
[    1.875503] Key type asymmetric registered
[    1.878052] Asymmetric key parser 'x509' registered
[    1.881052] Block layer SCSI generic (bsg) driver version 0.4 loaded (major 249)
[    1.886089] io scheduler noop registered
[    1.888516] io scheduler deadline registered (default)
[    1.891672] io scheduler cfq registered
[    1.894238] pci_hotplug: PCI Hot Plug PCI Core version: 0.5
[    1.897580] pciehp: PCI Express Hot Plug Controller Driver version: 0.4
[    1.902428] ACPI: AC Adapter [AC] (off-line)
[    1.905324] input: Power Button as /devices/LNXSYSTM:00/LNXPWRBN:00/input/input0
[    1.909742] ACPI: Power Button [PWRF]
[    1.912048] input: Sleep Button as /devices/LNXSYSTM:00/LNXSLPBN:00/input/input1
[    1.917514] ACPI: Sleep Button [SLPF]
[    1.921945] ACPI: Battery Slot [BAT0] (battery present)
[    1.925053] GHES: HEST is not enabled!
[    1.927341] Serial: 8250/16550 driver, 32 ports, IRQ sharing enabled
[    1.956139] 00:02: ttyS0 at I/O 0x3f8 (irq = 4, base_baud = 115200) is a 16550A
[    1.961128] Linux agpgart interface v0.103
[    1.964974] loop: module loaded
[    1.967718] scsi host0: ata_piix
[    1.969708] scsi host1: ata_piix
[    1.971516] ata1: PATA max UDMA/33 cmd 0x1f0 ctl 0x3f6 bmdma 0xd000 irq 14
[    1.974988] ata2: PATA max UDMA/33 cmd 0x170 ctl 0x376 bmdma 0xd008 irq 15
[    1.979899] libphy: Fixed MDIO Bus: probed
[    1.982269] tun: Universal TUN/TAP device driver, 1.6
[    1.985075] tun: (C) 1999-2004 Max Krasnyansky <maxk@qualcomm.com>
[    1.988326] PPP generic driver version 2.4.2
[    1.990843] ehci_hcd: USB 2.0 'Enhanced' Host Controller (EHCI) Driver
[    1.994181] ehci-pci: EHCI PCI platform driver
[    1.996524] ehci-platform: EHCI generic platform driver
[    1.999387] ohci_hcd: USB 1.1 'Open' Host Controller (OHCI) Driver
[    2.002689] ohci-pci: OHCI PCI platform driver
[    2.005064] ohci-platform: OHCI generic platform driver
[    2.007752] uhci_hcd: USB Universal Host Controller Interface driver
[    2.011172] i8042: PNP: PS/2 Controller [PNP0303:PS2K,PNP0f03:PS2M] at 0x60,0x64 irq 1,12
[    2.017446] serio: i8042 KBD port at 0x60,0x64 irq 1
[    2.020377] serio: i8042 AUX port at 0x60,0x64 irq 12
[    2.023164] mousedev: PS/2 mouse device common for all mice
[    2.026796] input: AT Translated Set 2 keyboard as /devices/platform/i8042/serio0/input/input2
[    2.032694] rtc_cmos rtc_cmos: rtc core: registered rtc_cmos as rtc0
[    2.036690] rtc_cmos rtc_cmos: alarms up to one day, 114 bytes nvram
[    2.040002] i2c /dev entries driver
[    2.041934] device-mapper: uevent: version 1.0.3
[    2.044387] device-mapper: ioctl: 4.34.0-ioctl (2015-10-28) initialised: dm-devel@redhat.com
[    2.048892] ledtrig-cpu: registered to indicate activity on CPUs
[    2.052600] NET: Registered protocol family 10
[    2.055156] NET: Registered protocol family 17
[    2.057508] Key type dns_resolver registered
[    2.060017] registered taskstats version 1
[    2.062201] Loading compiled-in X.509 certificates
[    2.065181] Loaded X.509 cert 'Build time autogenerated kernel key: cf00e047681d67edb2720680708b7d9498083038'
[    2.070388] zswap: loaded using pool lzo/zbud
[    2.074128] Key type trusted registered
[    2.079053] Key type encrypted registered
[    2.081350] AppArmor: AppArmor sha1 policy hashing enabled
[    2.084537] ima: No TPM chip found, activating TPM-bypass!
[    2.087546] ima: Allocated hash algorithm: sha1
[    2.090153] evm: HMAC attrs: 0x1
[    2.092559]   Magic number: 15:741:376
[    2.094979] rtc_cmos rtc_cmos: setting system clock to 2023-03-25 10:23:50 UTC (1679739830)
[    2.099572] BIOS EDD facility v0.16 2004-Jun-25, 0 devices found
[    2.102628] EDD information not available.
[    2.180900] Freeing unused kernel memory: 1492K
[    2.183433] Write protecting the kernel read-only data: 14336k
[    2.186706] Freeing unused kernel memory: 1584K
[    2.189224] Freeing unused kernel memory: 52K
Loading, please wait...
starting version 229
[    2.203634] random: udevadm: uninitialized urandom read (16 bytes read, 3 bits of entropy available)
[    2.208122] random: udevadm: uninitialized urandom read (16 bytes read, 3 bits of entropy available)
[    2.212995] random: systemd-udevd: uninitialized urandom read (16 bytes read, 3 bits of entropy available)
[    2.217969] random: systemd-udevd: uninitialized urandom read (16 bytes read, 3 bits of entropy available)
[    2.223114] random: systemd-udevd: uninitialized urandom read (16 bytes read, 3 bits of entropy available)
[    2.227839] random: systemd-udevd: uninitialized urandom read (16 bytes read, 3 bits of entropy available)
[    2.239775] random: udevadm: uninitialized urandom read (16 bytes read, 3 bits of entropy available)
[    2.244296] random: udevadm: uninitialized urandom read (16 bytes read, 3 bits of entropy available)
[    2.249900] random: systemd-udevd: uninitialized urandom read (16 bytes read, 3 bits of entropy available)
[    2.254792] random: systemd-udevd: uninitialized urandom read (16 bytes read, 3 bits of entropy available)
[    2.317964] e1000: Intel(R) PRO/1000 Network Driver - version 7.3.21-k8-NAPI
[    2.322247] e1000: Copyright (c) 1999-2006 Intel Corporation.
[    2.330877] Fusion MPT base driver 3.04.20
[    2.333342] Copyright (c) 1999-2008 LSI Corporation
[    2.380523] AVX2 version of gcm_enc/dec engaged.
[    2.383883] AES CTR mode by8 optimization enabled
[    2.386421] Fusion MPT SPI Host driver 3.04.20
[    2.558941] input: ImExPS/2 Generic Explorer Mouse as /devices/platform/i8042/serio1/input/input4
[    2.837286] e1000 0000:00:03.0 eth0: (PCI:33MHz:32-bit) 02:be:82:6b:cc:1d
[    2.840911] e1000 0000:00:03.0 eth0: Intel(R) PRO/1000 Network Connection
[    2.845437] mptbase: ioc0: Initiating bringup
[    2.919778] ioc0: LSI53C1030 A0: Capabilities={Initiator}
[    3.088795] scsi host2: ioc0: LSI53C1030 A0, FwRev=00000000h, Ports=1, MaxQ=256, IRQ=20
[    3.200210] scsi 2:0:0:0: Direct-Access     VBOX     HARDDISK         1.0  PQ: 0 ANSI: 5
[    3.204804] scsi target2:0:0: Beginning Domain Validation
[    3.210108] scsi target2:0:0: Domain Validation skipping write tests
[    3.213684] scsi target2:0:0: Ending Domain Validation
[    3.217386] scsi target2:0:0: asynchronous
[    3.220688] scsi 2:0:1:0: Direct-Access     VBOX     HARDDISK         1.0  PQ: 0 ANSI: 5
[    3.225393] scsi target2:0:1: Beginning Domain Validation
[    3.241201] scsi target2:0:1: Domain Validation skipping write tests
[    3.247974] scsi target2:0:1: Ending Domain Validation
[    3.266715] scsi target2:0:1: asynchronous
[    3.431161] sd 2:0:0:0: [sda] 83886080 512-byte logical blocks: (42.9 GB/40.0 GiB)
[    3.435494] sd 2:0:0:0: Attached scsi generic sg0 type 0
[    3.449942] sd 2:0:1:0: [sdb] 20480 512-byte logical blocks: (10.5 MB/10.0 MiB)
[    3.453929] sd 2:0:1:0: Attached scsi generic sg1 type 0
[    3.457140] sd 2:0:1:0: [sdb] Write Protect is off
[    3.460628] sd 2:0:0:0: [sda] Write Protect is off
[    3.463780] sd 2:0:0:0: [sda] Incomplete mode parameter data
[    3.467663] sd 2:0:0:0: [sda] Assuming drive cache: write through
[    3.471304] sd 2:0:1:0: [sdb] Incomplete mode parameter data
[    3.474257] sd 2:0:1:0: [sdb] Assuming drive cache: write through
[    3.490465]  sda: sda1
[    3.493155] sd 2:0:1:0: [sdb] Attached SCSI disk
[    3.496888] sd 2:0:0:0: [sda] Attached SCSI disk
[    3.725250] e1000 0000:00:08.0 eth1: (PCI:33MHz:32-bit) 08:00:27:08:b4:a5
[    3.728699] e1000 0000:00:08.0 eth1: Intel(R) PRO/1000 Network Connection
[    3.733490] e1000 0000:00:08.0 enp0s8: renamed from eth1
[    3.737993] e1000 0000:00:03.0 enp0s3: renamed from eth0
Begin: Loading essential drivers ... [    5.212903] md: linear personality registered for level -1
[    5.218409] md: multipath personality registered for level -4
[    5.223725] md: raid0 personality registered for level 0
[    5.232757] md: raid1 personality registered for level 1
[    5.313390] raid6: sse2x1   gen() 11955 MB/s
[    5.393309] raid6: sse2x1   xor()  8242 MB/s
[    5.473084] raid6: sse2x2   gen() 16846 MB/s
[    5.553015] raid6: sse2x2   xor() 11034 MB/s
[    5.632805] raid6: sse2x4   gen() 18119 MB/s
[    5.712514] raid6: sse2x4   xor() 11614 MB/s
[    5.792602] raid6: avx2x1   gen() 24280 MB/s
[    5.872409] raid6: avx2x2   gen() 31289 MB/s
[    5.952244] raid6: avx2x4   gen() 34043 MB/s
[    5.954976] raid6: using algorithm avx2x4 gen() 34043 MB/s
[    5.957911] raid6: using avx2x2 recovery algorithm
[    5.962123] xor: automatically using best checksumming function:
[    6.062179]    avx       : 61808.000 MB/sec
[    6.066190] async_tx: api initialized (async)
[    6.088266] md: raid6 personality registered for level 6
[    6.091053] md: raid5 personality registered for level 5
[    6.094295] md: raid4 personality registered for level 4
[    6.106543] md: raid10 personality registered for level 10
done.
Begin: Running /scripts/init-premount ... done.
Begin: Mounting root file system ... Begin: Running /scripts/local-top ... done.
Begin: Running /scripts/local-premount ... [    6.170818] Btrfs loaded
Scanning for Btrfs filesystems
done.
Warning: fsck not present, so skipping root file system
[    6.202758] EXT4-fs (sda1): mounted filesystem with ordered data mode. Opts: (null)
done.
Begin: Running /scripts/local-bottom ... done.
Begin: Running /scripts/init-bottom ... done.
[    6.300661] systemd[1]: systemd 229 running in system mode. (+PAM +AUDIT +SELINUX +IMA +APPARMOR +SMACK +SYSVINIT +UTMP +LIBCRYPTSETUP +GCRYPT +GNUTLS +ACL +XZ -LZ4 +SECCOMP +BLKID +ELFUTILS +KMOD -IDN)
[    6.309866] systemd[1]: Detected virtualization oracle.
[    6.312751] systemd[1]: Detected architecture x86-64.

Welcome to [1mUbuntu 16.04.7 LTS[0m!

[    6.320438] systemd[1]: Set hostname to <ubuntu>.
[    6.325992] systemd[1]: Initializing machine ID from random generator.
[    6.329517] systemd[1]: Installed transient /etc/machine-id file.
[    6.470419] systemd[1]: Listening on Journal Audit Socket.
[[0;32m  OK  [0m] Listening on Journal Audit Socket.
[    6.476954] systemd[1]: Listening on LVM2 metadata daemon socket.
[[0;32m  OK  [0m] Listening on LVM2 metadata daemon socket.
[    6.483736] systemd[1]: Reached target Swap.
[[0;32m  OK  [0m] Reached target Swap.
[    6.489273] systemd[1]: Created slice User and Session Slice.
[[0;32m  OK  [0m] Created slice User and Session Slice.
[    6.496112] systemd[1]: Started Forward Password Requests to Wall Directory Watch.
[[0;32m  OK  [0m] Started Forward Password Requests to Wall Directory Watch.
[    6.503960] systemd[1]: Listening on Syslog Socket.
[[0;32m  OK  [0m] Listening on Syslog Socket.
[    6.509892] systemd[1]: Listening on Device-mapper event daemon FIFOs.
[[0;32m  OK  [0m] Listening on Device-mapper event daemon FIFOs.
[    6.516956] systemd[1]: Listening on Journal Socket.
[[0;32m  OK  [0m] Listening on Journal Socket.
[    6.522847] systemd[1]: Listening on fsck to fsckd communication Socket.
[[0;32m  OK  [0m] Listening on fsck to fsckd communication Socket.
[    6.530132] systemd[1]: Listening on LVM2 poll daemon socket.
[[0;32m  OK  [0m] Listening on LVM2 poll daemon socket.
[    6.536769] systemd[1]: Set up automount Arbitrary Executable File Formats File System Automount Point.
[[0;32m  OK  [0m] Set up automount Arbitrary Executab...ats File System Automount Point.
[    6.546035] systemd[1]: Reached target System Time Synchronized.
[[0;32m  OK  [0m] Reached target System Time Synchronized.
[    6.552555] systemd[1]: Reached target User and Group Name Lookups.
[[0;32m  OK  [0m] Reached target User and Group Name Lookups.
[    6.559398] systemd[1]: Listening on /dev/initctl Compatibility Named Pipe.
[[0;32m  OK  [0m] Listening on /dev/initctl Compatibility Named Pipe.
[    6.567012] systemd[1]: Listening on udev Control Socket.
[[0;32m  OK  [0m] Listening on udev Control Socket.
[    6.573230] systemd[1]: Reached target Encrypted Volumes.
[[0;32m  OK  [0m] Reached target Encrypted Volumes.
[    6.579787] systemd[1]: Created slice System Slice.
[[0;32m  OK  [0m] Created slice System Slice.
[    6.586177] systemd[1]: Starting File System Check on Root Device...
         Starting File System Check on Root Device...
[    6.593092] random: nonblocking pool is initialized
[    6.599158] systemd[1]: Starting Load Kernel Modules...
         Starting Load Kernel Modules...
[    6.613986] systemd[1]: Mounting Debug File System...
         Mounting Debug File System...
[    6.625603] Loading iSCSI transport class v2.0-870.
[    6.630265] systemd[1]: Mounting POSIX Message Queue File System...
         Mounting POSIX Message Queue File System...
[    6.645681] systemd[1]: Starting Set console keymap...
         Starting Set console keymap...
[    6.653962] iscsi: registered transport (tcp)
[    6.658636] systemd[1]: Starting Uncomplicated firewall...
         Starting Uncomplicated firewall...
[    6.681901] systemd[1]: Starting Create list of required static device nodes for the current kernel...
         Starting Create list of required st... nodes for the current kernel...
[    6.702053] systemd[1]: Mounting Huge Pages File System...
         Mounting Huge Pages File System...
[    6.710450] systemd[1]: Starting Nameserver information manager...
         Starting Nameserver information manager...
[    6.729418] systemd[1]: Starting Monitoring of LVM2 mirrors, snapshots etc. using dmeventd or progress polling...
         Starting Monitoring of LVM2 mirrors... dmeventd or progress polling...
[    6.750611] systemd[1]: Created slice system-serial\x2dgetty.slice.
[[0;32m  OK  [0m] Created slice system-serial\x2dgetty.slice.
[    6.761906] systemd[1]: Started Trigger resolvconf update for networkd DNS.
[[0;32m  OK  [0m] Started Trigger resolvconf update for networkd DNS.
[    6.773307] systemd[1]: Listening on udev Kernel Socket.
[    6.778884] iscsi: registered transport (iser)
[[0;32m  OK  [0m] Listening on udev Kernel Socket.
[    6.783943] systemd[1]: Reached target Slices.
[[0;32m  OK  [0m] Reached target Slices.
[    6.789808] systemd[1]: Listening on Journal Socket (/dev/log).
[[0;32m  OK  [0m] Listening on Journal Socket (/dev/log).
[    6.796861] systemd[1]: Starting Journal Service...
         Starting Journal Service...
[    6.804175] systemd[1]: Mounted Huge Pages File System.
[[0;32m  OK  [0m] Mounted Huge Pages File System.
[    6.810041] systemd[1]: Mounted POSIX Message Queue File System.
[[0;32m  OK  [0m] Mounted POSIX Message Queue File System.
[    6.829188] systemd[1]: Mounted Debug File System.
[[0;32m  OK  [0m] Mounted Debug File System.
[    6.837392] systemd[1]: Started Journal Service.
[[0;32m  OK  [0m] Started Journal Service.
[[0;32m  OK  [0m] Started File System Check on Root Device.
[[0;32m  OK  [0m] Started Load Kernel Modules.
[[0;32m  OK  [0m] Started Set console keymap.
[[0;32m  OK  [0m] Started Uncomplicated firewall.
[[0;32m  OK  [0m] Started Create list of required sta...ce nodes for the current kernel.
[[0;32m  OK  [0m] Started File System Check Daemon to report status.
[[0;32m  OK  [0m] Started LVM2 metadata daemon.
         Starting Create Static Device Nodes in /dev...
         Starting Apply Kernel Variables...
         Mounting FUSE Control File System...
         Starting Remount Root and Kernel File Systems...
[[0;32m  OK  [0m] Mounted FUSE Control File System.
[[0;32m  OK  [0m] Started Nameserver information manager.
[[0;32m  OK  [0m] Started Create Static Device Nodes in /dev.
[[0;32m  OK  [0m] Started Apply Kernel Variables.
[[0;32m  OK  [0m] Started Remount Root and Kernel File Systems.
         Starting udev Coldplug all Devices...
         Starting Flush Journal to Persistent Storage...
         Starting Load/Save Random Seed...
         Starting udev Kernel Device Manager...
[[0;32m  OK  [0m] Started Flush Journal to Persistent Storage.
[[0;32m  OK  [0m] Started Load/Save Random Seed.
[[0;32m  OK  [0m] Started udev Kernel Device Manager.
[[0;32m  OK  [0m] Started udev Coldplug all Devices.
[[0;32m  OK  [0m] Started Dispatch Password Requests to Console Directory Watch.
[[0;32m  OK  [0m] Found device /dev/ttyS0.
[[0;32m  OK  [0m] Listening on Load/Save RF Kill Switch Status /dev/rfkill Watch.
[[0;32m  OK  [0m] Started Monitoring of LVM2 mirrors,...ng dmeventd or progress polling.
[[0;32m  OK  [0m] Reached target Local File Systems (Pre).
[[0;32m  OK  [0m] Reached target Local File Systems.
         Starting Create Volatile Files and Directories...
         Starting Initial cloud-init job (pre-networking)...
         Starting Commit a transient machine-id on disk...
         Starting LSB: AppArmor initialization...
         Starting Set console font and keymap...
         Starting Tell Plymouth To Write Out Runtime Data...
[[0;32m  OK  [0m] Started Create Volatile Files and Directories.
[[0;32m  OK  [0m] Started Commit a transient machine-id on disk.
         Starting Update UTMP about System Boot/Shutdown...
[[0;32m  OK  [0m] Started Tell Plymouth To Write Out Runtime Data.
[[0;32m  OK  [0m] Started Update UTMP about System Boot/Shutdown.
[    7.675700] cloud-init[542]: Cloud-init v. 21.1-19-gbad84ad4-0ubuntu1~16.04.2 running 'init-local' at Sat, 25 Mar 2023 10:23:56 +0000. Up 7.11 seconds.
[[0;32m  OK  [0m] Started Initial cloud-init job (pre-networking).
[[0;32m  OK  [0m] Started LSB: AppArmor initialization.
         Starting Load AppArmor profiles managed internally by snapd...
[[0;32m  OK  [0m] Reached target Network (Pre).
         Starting Raise network interfaces...
[[0;32m  OK  [0m] Started Load AppArmor profiles managed internally by snapd.
[[0;32m  OK  [0m] Started Set console font and keymap.
[[0;32m  OK  [0m] Created slice system-getty.slice.
[[0;32m  OK  [0m] Started Raise network interfaces.
[[0;32m  OK  [0m] Reached target Network.
         Starting Initial cloud-init job (metadata service crawler)...
[    9.908373] cloud-init[964]: Cloud-init v. 21.1-19-gbad84ad4-0ubuntu1~16.04.2 running 'init' at Sat, 25 Mar 2023 10:23:59 +0000. Up 9.47 seconds.
[    9.923471] cloud-init[964]: ci-info: ++++++++++++++++++++++++++++++++++++++Net device info+++++++++++++++++++++++++++++++++++++++
[    9.928405] cloud-init[964]: ci-info: +--------+-------+----------------------------+---------------+--------+-------------------+
[    9.942759] cloud-init[964]: ci-info: | Device |   Up  |          Address           |      Mask     | Scope  |     Hw-Address    |
[    9.947750] cloud-init[964]: ci-info: +--------+-------+----------------------------+---------------+--------+-------------------+
[    9.962129] cloud-init[964]: ci-info: | enp0s3 |  True |         10.0.2.15          | 255.255.255.0 | global | 02:be:82:6b:cc:1d |
[[0;32m  OK  [0m] Started Initial cloud-init job (metadata service crawler).
[    9.971628] cloud-init[964]: ci-info: | enp0s3 |  True | fe80::be:82ff:fe6b:cc1d/64 |       .       |  link  | 02:be:82:6b:cc:1d |
[[0;32m  OK  [0m] Reached target Cloud-config availability.
[[0;32m  OK  [0m] Reached target Network is Online.
         Starting iSCSI initiator daemon (iscsid)...
[[0;32m  OK  [0m] Reached target System Initialization.
[[0;32m  OK  [0m] Listening on D-Bus System Message Bus Socket.[    9.981168] cloud-init[964]: ci-info: | enp0s8 | False |             .              |       .       |   .    | 08:00:27:08:b4:a5 |
[    9.996235] cloud-init[964]: ci-info: |   lo   |  True |         127.0.0.1          |   255.0.0.0   |  host  |         .         |
[    9.999804] cloud-init[964]: ci-info: |   lo   |  True |          ::1/128           |       .       |  host  |         .         |
[[0;32m  OK  [0m] Listening on UUID daemon activation socket.
[[0;32m  OK  [0m] Listening on ACPID Listen Socket.
         Starting Socket activation for snappy daemon.
[[0;32m  OK  [0m] 
[   10.012355] cloud-init[964]: ci-info: +--------+-------+----------------------------+---------------+--------+-------------------+
[   10.018968] cloud-init[964]: ci-info: +++++++++++++++++++++++++++Route IPv4 info++++++++++++++++++++++++++++Started Daily apt download activities.
[[0;32m  OK  [0m] Started Message of the Day.
[[0;32m  OK  [0m] Started Daily apt upgrade and clean activities.
[[0;32m  OK  [0m] Started Daily Cleanup of Temporary Directories.

[   10.033661] cloud-init[964]: ci-info: +-------+-------------+----------+---------------+-----------+-------+
[   10.039551] cloud-init[964]: ci-info: | Route | Destination | Gateway  |    Genmask    | Interface | Flags |
[[0;32m  OK  [0m] Started ACPI Events Check.
[[0;32m  OK  [0m] Reached target Paths.
[   10.048397] cloud-init[964]: ci-info: +-------+-------------+----------+---------------+-----------+-------+         Starting LXD - unix socket.
[[0;32m  OK  [0m] Started Ubuntu Advantage update messaging.
[[0;32m  OK  [0m] Reached target Timers.

[   10.059245] cloud-init[964]: ci-info: |   0   |   0.0.0.0   | 10.0.2.2 |    0.0.0.0    |   enp0s3  |   UG  |[[0;32m  OK  [0m] Listening on Socket activation for snappy daemon.
[[0;32m  OK  [0m] Listening on LXD - unix socket.
[[0;32m  OK  [0m] Reached target Sockets.

[   10.072288] cloud-init[964]: ci-info: |   1   |   10.0.2.0  | 0.0.0.0  | 255.255.255.0 |   enp0s3  |   U   |
[   10.075608] cloud-init[964]: ci-info: +-------+-------------+----------+---------------+-----------+-------+
[   10.078708] cloud-init[964]: ci-info: +++++++++++++++++++Route IPv6 info+++++++++++++++++++
[[0;32m  OK  [0m] Reached target Basic System.
[   10.085473] cloud-init[964]: ci-info: +-------+-------------+---------+-----------+-------+[[0;32m  OK  [0m] Started Regular background program processing daemon.

         Starting System Logging Service...
[[0;32m  OK  [0m] Started Deferred execution scheduler.
[   10.101285] cloud-init[964]: ci-info: | Route | Destination | Gateway | Interface | Flags |
         Starting Pollinate to seed the pseudo random number generator...
         Starting Login Service...
[[0;32m  OK  [0m] Started ACPI event daemon.
[   10.137104]          Starting LSB: MD monitoring daemon...
         Starting LSB: Record successful boot for GRUB...
[[0;32m  OK  [0m] Started FUSE filesystem for LXC.
cloud-init[964]: ci-info: +-------+-------------+---------+-----------+-------+
         Starting /etc/rc.local Compatibility...
         Starting LXD - container startup/shutdown...
         Starting Virtualbox guest utils...
         Starting Accounts Service...
[[0;32m  OK  [0m] Started D-Bus System Message Bus.
[   10.205194] cloud-init[964]: ci-info: |   0   |  fe80::/64  |    ::   |   enp0s3  |   U   |
[   10.236220] cloud-init[964]:          Starting Snap Daemon...
ci-info: |   3   |   ff00::/8  |    ::   |   enp0s3  |   U   |[[0;32m  OK  [0m] Started System Logging Service.

[[0;32m  OK  [0m] Started iSCSI initiator daemon (iscsid).
[[   10.264613] [0;32m  OK  [0m] Started /etc/rc.local Compatibility.
         Starting Login to default iSCSI targets...
[[0;32m  OK  [0m] Started Login Service.
[[0;32m  OK  [0m] Started Unattended Upgrades Shutdown.
cloud-init[964]: ci-info: +-------+-------------+---------+-----------+-------+
         Starting Authenticate and Authorize Users to Run Privileged Tasks...
[[0;32m  OK  [0m] Started LSB: Record successful boot for GRUB.
[   10.375606] cloud-init[964]: Generating public/private rsa key pair.
[[0;32m  OK  [0m] Started Login to default iSCSI targets.
[[0;32m  OK  [0m] Reached target Remote File Systems (Pre).
[[0;32m  OK  [0m] Reached target Remote File Systems.
         Starting Permit User Sessions...
         Starting LSB: Set the CPU Frequency Scaling governor to "ondemand"...
         Starting LSB: automatic crash report generation...
         Starting LSB: daemon to balance interrupts for SMP systems...
[[0;32m  OK  [0m] Started LSB: MD monitoring daemon.
[[0;32m  OK  [0m] Started Permit User Sessions.
[[0;32m  OK  [0m] Started Authenticate and Authorize Users to Run Privileged Tasks.
[   10.426465] [[0;32m  OK  [0m] Started Accounts Service.
cloud-init         Starting Terminate Plymouth Boot Screen...
         Starting Hold until boot process finishes up...[964]: Your identification has been saved in /etc/ssh/ssh_host_rsa_key.
[[0;32m  OK  [0m] Started Hold until boot process finishes up.
[[0;32m  OK  [0m] Started Getty on tty1.
[[0;32m  OK  [0m] Started Serial Getty on ttyS0.
[[0;32m  OK  [0m] Reached target Login Prompts.

         Starting Set console scheme...
[[0;32m  OK  [0m] Started LSB: Set the CPU Frequency Scaling governor to "ondemand".
[[0;32m  OK  [0m] Started Terminate Plymouth Boot Screen.
[[0;32m  OK  [0m] Started Set console scheme.[   10.530612] cloud-init[964]: Your public key has been saved in /etc/ssh/ssh_host_rsa_key.pub.

[[0;32m  OK  [0m] Started LSB: daemon to balance interrupts for SMP systems.
[[0;32m  OK  [0m] Started LXD - container startup/shutdown.
[[0;32m  OK  [0m] Started LSB: automatic crash report generation.
[   10.606347] cloud-init[964]: The key fingerprint is:
[   10.616606] cloud-init[964]: SHA256:riLV6fX5sH60aV6KspgwluLFvMzCkPwiBoy32gZ3wXU root@ubuntu-xenial
[   10.638886] cloud-init[964]: The key's randomart image is:
[   10.655119] cloud-init[964]: +---[RSA 2048]----+
[[0;32m  OK  [0m] Started Virtualbox guest utils.
[   10.687999] cloud-init[964]: |                 |
[   10.706874] cloud-init[964]: |      . E        |
[   10.718144] cloud-init[964]: |   . . .         |
[   10.730844] cloud-init[964]: |    o            |
[   10.734283] cloud-init[964]: |+.   o .S        |
[   10.747096] cloud-init[964]: |*oooo.o..   .    |
[   10.755799] cloud-init[964]: |.*o+O. ....o o.  |
[   10.764413] cloud-init[964]: |.=*B.+.+. o+=o   |
[   10.782383] cloud-init[964]: |+o+o+.+ .++=+    |
[   10.793381] cloud-init[964]: +----[SHA256]-----+
[   10.800058] cloud-init[964]: Generating public/private dsa key pair.
[   10.811159] cloud-init[964]: Your identification has been saved in /etc/ssh/ssh_host_dsa_key.
[   10.816931] cloud-init[964]: Your public key has been saved in /etc/ssh/ssh_host_dsa_key.pub.
[   10.837393] cloud-init[964]: The key fingerprint is:
[   10.842725] cloud-init[964]: SHA256:oreTBVSpKEApYnW6LxkbuARW4EcKacXoaMRUdx21hAc root@ubuntu-xenial
[   10.849176] cloud-init[964]: The key's randomart image is:
[   10.867963] cloud-init[964]: +---[DSA 1024]----+
[   10.873447] cloud-init[964]: |==O* o ooE=o     |
[   10.879064] cloud-init[964]: |BB+.+ o .o...    |
[   10.887203] cloud-init[964]: |X= o o .  ..     |
[   10.896116] cloud-init[964]: |+o+ o o          |
[   10.903910] cloud-init[964]: |.o =  ..S        |
[   10.910357] cloud-init[964]: |. . *. ..        |
[[0;32m  OK  [0m] Started Snap Daemon.
         Starting Wait until snapd is fully seeded...
[   10.914266] cloud-init[964]: | . +...o         |
[   10.940480] cloud-init[964]: |    ..o.         |
[   10.968727] cloud-init[964]: |      ..         |
[   10.972244] cloud-init[964]: +----[SHA256]-----+
[   10.975572] cloud-init[964]: Generating public/private ecdsa key pair.
[   10.979279] cloud-init[964]: Your identification has been saved in /etc/ssh/ssh_host_ecdsa_key.
[   10.989814] cloud-init[964]: Your public key has been saved in /etc/ssh/ssh_host_ecdsa_key.pub.
[   10.998195] cloud-init[964]: The key fingerprint is:
[   11.003271] cloud-init[964]: SHA256:gFakrNAPHzGyBehfa294DNN1jlADfrFU6olIZIP9XIg root@ubuntu-xenial
[   11.007908] cloud-init[964]: The key's randomart image is:
[   11.013085] cloud-init[964]: +---[ECDSA 256]---+
[   11.016146] cloud-init[964]: | .o.*=+.oo..     |
[   11.019097] cloud-init[964]: |.. *oEo..++      |
[   11.022948] cloud-init[964]: |o + *.+.o+.      |
[   11.026223] cloud-init[964]: | o *.o.=+...     |
[   11.029309] cloud-init[964]: |  o +.o.So+      |
[   11.032504] cloud-init[964]: |   . = . . .     |
[   11.035591] cloud-init[964]: |    . *          |
[   11.038663] cloud-init[964]: |     . =         |
[   11.045596] cloud-init[964]: |      o          |
[   11.050474] cloud-init[964]: +----[SHA256]-----+
[   11.059642] cloud-init[964]: Generating public/private ed25519 key pair.
[   11.065166] cloud-init[964]: Your identification has been saved in /etc/ssh/ssh_host_ed25519_key.
[   11.071324] cloud-init[964]: Your public key has been saved in /etc/ssh/ssh_host_ed25519_key.pub.
[   11.077206] cloud-init[964]: The key fingerprint is:
[   11.082466] cloud-init[964]: SHA256:WTZW2ADbH6/2CuXNMrYWlpXTsSALBue2gVhcSe5lAmU root@ubuntu-xenial
[   11.088568] cloud-init[964]: The key's randomart image is:
[   11.094078] cloud-init[964]: +--[ED25519 256]--+
[   11.100440] cloud-init[964]: |      .+*Eo+.    |
[   11.105612] cloud-init[964]: |      o.B*.o.. . |
[   11.113009] cloud-init[964]: |     . .o*Bo+ .oo|
[   11.120077] cloud-init[964]: |        o=*+ o+..|
[   11.126406] cloud-init[964]: |        So  oo.. |
[   11.133414] cloud-init[964]: |           o++   |
[   11.139629] cloud-init[964]: |          ..B.o  |
[   11.150195] cloud-init[964]: |           +.=   |
[   11.153594] cloud-init[964]: |           .o..  |
[   11.160936] cloud-init[964]: +----[SHA256]-----+
[[0;32m  OK  [0m] Started Pollinate to seed the pseudo random number generator.
         Starting OpenBSD Secure Shell server...
[[0;32m  OK  [0m] Started OpenBSD Secure Shell server.
[[0;32m  OK  [0m] Created slice User Slice of vagrant.
[[0;32m  OK  [0m] Started Session 1 of user vagrant.
         Starting User Manager for UID 1000...
[[0;32m  OK  [0m] Started User Manager for UID 1000.
[[0;32m  OK  [0m] Started Wait until snapd is fully seeded.
         Starting Apply the settings specified in cloud-config...
[[0;32m  OK  [0m] Reached target Multi-User System.
[[0;32m  OK  [0m] Reached target Graphical Interface.
         Starting Update UTMP about System Runlevel Changes...
[[0;32m  OK  [0m] Started Update UTMP about System Runlevel Changes.
         Stopping User Manager for UID 1000...
[[0;32m  OK  [0m] Stopped User Manager for UID 1000.
[[0;32m  OK  [0m] Removed slice User Slice of vagrant.
[   13.579887] cloud-init[1497]: Generating locales (this might take a while)...
[[0;32m  OK  [0m] Created slice User Slice of vagrant.
         Starting User Manager for UID 1000...
[[0;32m  OK  [0m] Started Session 2 of user vagrant.
[[0;32m  OK  [0m] Started User Manager for UID 1000.
[   14.324052] cloud-init[1497]:   en_US.UTF-8... done
[   14.328324] cloud-init[1497]: Generation complete.
[   14.558417] cloud-init[1497]: Cloud-init v. 21.1-19-gbad84ad4-0ubuntu1~16.04.2 running 'modules:config' at Sat, 25 Mar 2023 10:24:03 +0000. Up 13.50 seconds.
[[0;32m  OK  [0m] Started Apply the settings specified in cloud-config.
         Starting Execute cloud user/final scripts...
         Starting Hostname Service...
ci-info: no authorized SSH keys fingerprints found for user ubuntu.
[[0;32m  OK  [0m] Started Hostname Service.
<14>Mar 25 10:24:04 ec2: 
<14>Mar 25 10:24:04 ec2: #############################################################
<14>Mar 25 10:24:04 ec2: -----BEGIN SSH HOST KEY FINGERPRINTS-----
<14>Mar 25 10:24:04 ec2: 1024 SHA256:oreTBVSpKEApYnW6LxkbuARW4EcKacXoaMRUdx21hAc root@ubuntu-xenial (DSA)
<14>Mar 25 10:24:04 ec2: 256 SHA256:gFakrNAPHzGyBehfa294DNN1jlADfrFU6olIZIP9XIg root@ubuntu-xenial (ECDSA)
<14>Mar 25 10:24:04 ec2: 256 SHA256:WTZW2ADbH6/2CuXNMrYWlpXTsSALBue2gVhcSe5lAmU root@ubuntu-xenial (ED25519)
<14>Mar 25 10:24:04 ec2: 2048 SHA256:riLV6fX5sH60aV6KspgwluLFvMzCkPwiBoy32gZ3wXU root@ubuntu-xenial (RSA)
<14>Mar 25 10:24:04 ec2: -----END SSH HOST KEY FINGERPRINTS-----
<14>Mar 25 10:24:04 ec2: #############################################################
-----BEGIN SSH HOST KEY KEYS-----
ecdsa-sha2-nistp256 AAAAE2VjZHNhLXNoYTItbmlzdHAyNTYAAAAIbmlzdHAyNTYAAABBBPE/ijMxtx5eiG1TnQisWxkxYM7lBBBgBDuobo6feFbHV8TIIsaV1GT4bxTe5FxQNe7MgpChfAVkeAGl0XHnyro= root@ubuntu-xenial
ssh-ed25519 AAAAC3NzaC1lZDI1NTE5AAAAICUV6574OnvGGdG+9Dp9W3TBfQWEp48LdrbG9sbv1Ir3 root@ubuntu-xenial
ssh-rsa AAAAB3NzaC1yc2EAAAADAQABAAABAQDInezCVvesouK6FXsPQKzGQIlSfUqNhK1FZIDXWdt5jIDq5pMhTfues6CyhZIk+x2q7QdvSBwx5yMF7+KVJZSvDK/fTP2GG9On2scpLFo1KmivzwnGjdFU/EIh6o+G21xSWGeKnY0bqVj/zTBmxKVW5bVnHd4HIbWuzaQNVneMNjtMmGjEIHxaMPqnkteNqcFDzwR1yYhjLtAzJ4nabu0fPPfaI9j8HLEvHm2FeveHCJO1bBc8QCz7sRNEsod4qIdHqf5EEk4dkv11CgKpH1pfC8pc6FU4D/iIRNaiWyDad5ENCwvB5Q9GV4ozTnBM+/XMMVbIvbTc6M79p2AGm1Ux root@ubuntu-xenial
-----END SSH HOST KEY KEYS-----
[   15.199558] cloud-init[1656]: Cloud-init v. 21.1-19-gbad84ad4-0ubuntu1~16.04.2 running 'modules:final' at Sat, 25 Mar 2023 10:24:04 +0000. Up 14.84 seconds.
[   15.230957] cloud-init[1656]: ci-info: no authorized SSH keys fingerprints found for user ubuntu.
[   15.240223] cloud-init[1656]: Cloud-init v. 21.1-19-gbad84ad4-0ubuntu1~16.04.2 finished at Sat, 25 Mar 2023 10:24:04 +0000. Datasource DataSourceNoCloud [seed=/dev/sdb][dsmode=net].  Up 15.18 seconds
[[0;32m  OK  [0m] Started Execute cloud user/final scripts.
[[0;32m  OK  [0m] Reached target Cloud-init target.

Ubuntu 16.04.7 LTS web1 ttyS0

web1 login: 