[    0.000000] Initializing cgroup subsys cpuset
[    0.000000] Initializing cgroup subsys cpu
[    0.000000] Initializing cgroup subsys cpuacct
[    0.000000] Linux version 4.4.0-210-generic (buildd@lgw01-amd64-009) (gcc version 5.4.0 20160609 (Ubuntu 5.4.0-6ubuntu1~16.04.12) ) #242-Ubuntu SMP Fri Apr 16 09:57:56 UTC 2021 (Ubuntu 4.4.0-210.242-generic 4.4.262)
[    0.000000] Command line: BOOT_IMAGE=/boot/vmlinuz-4.4.0-210-generic root=LABEL=cloudimg-rootfs ro console=tty1 console=ttyS0
[    0.000000] KERNEL supported cpus:
[    0.000000]   Intel GenuineIntel
[    0.000000]   AMD AuthenticAMD
[    0.000000]   Centaur CentaurHauls
[    0.000000] x86/fpu: xstate_offset[2]:  576, xstate_sizes[2]:  256
[    0.000000] x86/fpu: Supporting XSAVE feature 0x01: 'x87 floating point registers'
[    0.000000] x86/fpu: Supporting XSAVE feature 0x02: 'SSE registers'
[    0.000000] x86/fpu: Supporting XSAVE feature 0x04: 'AVX registers'
[    0.000000] x86/fpu: Enabled xstate features 0x7, context size is 832 bytes, using 'standard' format.
[    0.000000] e820: BIOS-provided physical RAM map:
[    0.000000] BIOS-e820: [mem 0x0000000000000000-0x000000000009fbff] usable
[    0.000000] BIOS-e820: [mem 0x000000000009fc00-0x000000000009ffff] reserved
[    0.000000] BIOS-e820: [mem 0x00000000000f0000-0x00000000000fffff] reserved
[    0.000000] BIOS-e820: [mem 0x0000000000100000-0x000000003ffeffff] usable
[    0.000000] BIOS-e820: [mem 0x000000003fff0000-0x000000003fffffff] ACPI data
[    0.000000] BIOS-e820: [mem 0x00000000fec00000-0x00000000fec00fff] reserved
[    0.000000] BIOS-e820: [mem 0x00000000fee00000-0x00000000fee00fff] reserved
[    0.000000] BIOS-e820: [mem 0x00000000fffc0000-0x00000000ffffffff] reserved
[    0.000000] NX (Execute Disable) protection: active
[    0.000000] SMBIOS 2.5 present.
[    0.000000] Hypervisor detected: KVM
[    0.000000] e820: last_pfn = 0x3fff0 max_arch_pfn = 0x400000000
[    0.000000] MTRR: Disabled
[    0.000000] x86/PAT: MTRRs disabled, skipping PAT initialization too.
[    0.000000] CPU MTRRs all blank - virtualized system.
[    0.000000] x86/PAT: Configuration [0-7]: WB  WT  UC- UC  WB  WT  UC- UC  
[    0.000000] found SMP MP-table at [mem 0x0009fff0-0x0009ffff] mapped at [ffff88000009fff0]
[    0.000000] Scanning 1 areas for low memory corruption
[    0.000000] RAMDISK: [mem 0x362dc000-0x37165fff]
[    0.000000] ACPI: Early table checksum verification disabled
[    0.000000] ACPI: RSDP 0x00000000000E0000 000024 (v02 VBOX  )
[    0.000000] ACPI: XSDT 0x000000003FFF0030 00003C (v01 VBOX   VBOXXSDT 00000001 ASL  00000061)
[    0.000000] ACPI: FACP 0x000000003FFF00F0 0000F4 (v04 VBOX   VBOXFACP 00000001 ASL  00000061)
[    0.000000] ACPI: DSDT 0x000000003FFF0610 002353 (v02 VBOX   VBOXBIOS 00000002 INTL 20200528)
[    0.000000] ACPI: FACS 0x000000003FFF0200 000040
[    0.000000] ACPI: FACS 0x000000003FFF0200 000040
[    0.000000] ACPI: APIC 0x000000003FFF0240 000054 (v02 VBOX   VBOXAPIC 00000001 ASL  00000061)
[    0.000000] ACPI: SSDT 0x000000003FFF02A0 00036C (v01 VBOX   VBOXCPUT 00000002 INTL 20200528)
[    0.000000] No NUMA configuration found
[    0.000000] Faking a node at [mem 0x0000000000000000-0x000000003ffeffff]
[    0.000000] NODE_DATA(0) allocated [mem 0x3ffeb000-0x3ffeffff]
[    0.000000] kvm-clock: Using msrs 4b564d01 and 4b564d00
[    0.000000] kvm-clock: cpu 0, msr 0:3ffe3001, primary cpu clock
[    0.000000] kvm-clock: using sched offset of 3261667796 cycles
[    0.000000] clocksource: kvm-clock: mask: 0xffffffffffffffff max_cycles: 0x1cd42e4dffb, max_idle_ns: 881590591483 ns
[    0.000000] Zone ranges:
[    0.000000]   DMA      [mem 0x0000000000001000-0x0000000000ffffff]
[    0.000000]   DMA32    [mem 0x0000000001000000-0x000000003ffeffff]
[    0.000000]   Normal   empty
[    0.000000]   Device   empty
[    0.000000] Movable zone start for each node
[    0.000000] Early memory node ranges
[    0.000000]   node   0: [mem 0x0000000000001000-0x000000000009efff]
[    0.000000]   node   0: [mem 0x0000000000100000-0x000000003ffeffff]
[    0.000000] Initmem setup node 0 [mem 0x0000000000001000-0x000000003ffeffff]
[    0.000000] ACPI: PM-Timer IO Port: 0x4008
[    0.000000] IOAPIC[0]: apic_id 1, version 32, address 0xfec00000, GSI 0-23
[    0.000000] ACPI: INT_SRC_OVR (bus 0 bus_irq 0 global_irq 2 dfl dfl)
[    0.000000] ACPI: INT_SRC_OVR (bus 0 bus_irq 9 global_irq 9 low level)
[    0.000000] Using ACPI (MADT) for SMP configuration information
[    0.000000] smpboot: Allowing 1 CPUs, 0 hotplug CPUs
[    0.000000] PM: Registered nosave memory: [mem 0x00000000-0x00000fff]
[    0.000000] PM: Registered nosave memory: [mem 0x0009f000-0x0009ffff]
[    0.000000] PM: Registered nosave memory: [mem 0x000a0000-0x000effff]
[    0.000000] PM: Registered nosave memory: [mem 0x000f0000-0x000fffff]
[    0.000000] e820: [mem 0x40000000-0xfebfffff] available for PCI devices
[    0.000000] Booting paravirtualized kernel on KVM
[    0.000000] clocksource: refined-jiffies: mask: 0xffffffff max_cycles: 0xffffffff, max_idle_ns: 7645519600211568 ns
[    0.000000] setup_percpu: NR_CPUS:512 nr_cpumask_bits:512 nr_cpu_ids:1 nr_node_ids:1
[    0.000000] PERCPU: Embedded 33 pages/cpu @ffff88003fc00000 s95192 r8192 d31784 u2097152
[    0.000000] Built 1 zonelists in Node order, mobility grouping on.  Total pages: 257912
[    0.000000] Policy zone: DMA32
[    0.000000] Kernel command line: BOOT_IMAGE=/boot/vmlinuz-4.4.0-210-generic root=LABEL=cloudimg-rootfs ro console=tty1 console=ttyS0
[    0.000000] PID hash table entries: 4096 (order: 3, 32768 bytes)
[    0.000000] Memory: 997924K/1048120K available (8644K kernel code, 1332K rwdata, 4044K rodata, 1492K init, 1164K bss, 50196K reserved, 0K cma-reserved)
[    0.000000] SLUB: HWalign=64, Order=0-3, MinObjects=0, CPUs=1, Nodes=1
[    0.000000] Kernel/User page tables isolation: enabled
[    0.000000] Hierarchical RCU implementation.
[    0.000000] 	Build-time adjustment of leaf fanout to 64.
[    0.000000] 	RCU restricting CPUs from NR_CPUS=512 to nr_cpu_ids=1.
[    0.000000] RCU: Adjusting geometry for rcu_fanout_leaf=64, nr_cpu_ids=1
[    0.000000] NR_IRQS:33024 nr_irqs:256 16
[    0.000000] Console: colour VGA+ 80x25
[    0.000000] console [tty1] enabled
[    0.000000] console [ttyS0] enabled
[    0.000000] tsc: Detected 2307.850 MHz processor
[    0.344686] Calibrating delay loop (skipped) preset value.. 4615.70 BogoMIPS (lpj=9231400)
[    0.349195] pid_max: default: 32768 minimum: 301
[    0.352316] ACPI: Core revision 20150930
[    0.355453] ACPI: 2 ACPI AML tables successfully acquired and loaded
[    0.359303] Security Framework initialized
[    0.362100] Yama: becoming mindful.
[    0.364127] AppArmor: AppArmor initialized
[    0.366415] Dentry cache hash table entries: 131072 (order: 8, 1048576 bytes)
[    0.370954] Inode-cache hash table entries: 65536 (order: 7, 524288 bytes)
[    0.374834] Mount-cache hash table entries: 2048 (order: 2, 16384 bytes)
[    0.378247] Mountpoint-cache hash table entries: 2048 (order: 2, 16384 bytes)
[    0.382356] Initializing cgroup subsys io
[    0.384547] Initializing cgroup subsys memory
[    0.386935] Initializing cgroup subsys devices
[    0.389311] Initializing cgroup subsys freezer
[    0.392060] Initializing cgroup subsys net_cls
[    0.394445] Initializing cgroup subsys perf_event
[    0.396939] Initializing cgroup subsys net_prio
[    0.399377] Initializing cgroup subsys hugetlb
[    0.402169] Initializing cgroup subsys pids
[    0.406042] mce: CPU supports 0 MCE banks
[    0.408308] process: using mwait in idle threads
[    0.410883] Last level iTLB entries: 4KB 64, 2MB 8, 4MB 8
[    0.413741] Last level dTLB entries: 4KB 64, 2MB 0, 4MB 0, 1GB 4
[    0.416835] Spectre V1 : Mitigation: usercopy/swapgs barriers and __user pointer sanitization
[    0.421267] Spectre V2 : Mitigation: Full generic retpoline
[    0.424154] Spectre V2 : Spectre v2 / SpectreRSB mitigation: Filling RSB on context switch
[    0.428383] Speculative Store Bypass: Vulnerable
[    0.431064] SRBDS: Unknown: Dependent on hypervisor status
[    0.434421] MDS: Mitigation: Clear CPU buffers
[    0.621395] Freeing SMP alternatives memory: 36K
[    0.701753] ftrace: allocating 32380 entries in 127 pages
[    1.181208] smpboot: APIC(0) Converting physical 0 to logical package 0
[    1.185627] smpboot: Max logical packages: 1
[    1.191159] x2apic enabled
[    1.194630] Switched APIC routing to physical x2apic.
[    1.206619] ..TIMER: vector=0x30 apic1=0 pin1=2 apic2=-1 pin2=-1
[    1.319479] APIC calibration not consistent with PM-Timer: 196ms instead of 100ms
[    1.325414] APIC delta adjusted to PM-Timer: 6249989 (12250698)
[    1.330996] smpboot: CPU0: Intel(R) Core(TM) i9-9880H CPU @ 2.30GHz (family: 0x6, model: 0x9e, stepping: 0xd)
[    1.340331] Performance Events: unsupported p6 CPU model 158 no PMU driver, software events only.
[    1.439898] KVM setup paravirtual spinlock
[    1.444418] x86: Booted up 1 node, 1 CPUs
[    1.447337] smpboot: Total of 1 processors activated (4615.70 BogoMIPS)
[    1.452423] devtmpfs: initialized
[    1.456147] evm: security.selinux
[    1.458247] evm: security.SMACK64
[    1.460610] evm: security.SMACK64EXEC
[    1.462862] evm: security.SMACK64TRANSMUTE
[    1.465439] evm: security.SMACK64MMAP
[    1.467644] evm: security.ima
[    1.469579] evm: security.capability
[    1.471857] clocksource: jiffies: mask: 0xffffffff max_cycles: 0xffffffff, max_idle_ns: 7645041785100000 ns
[    1.477800] futex hash table entries: 256 (order: 2, 16384 bytes)
[    1.481519] pinctrl core: initialized pinctrl subsystem
[    1.485010] RTC time: 10:46:25, date: 03/25/23
[    1.487808] NET: Registered protocol family 16
[    1.490684] cpuidle: using governor ladder
[    1.493098] cpuidle: using governor menu
[    1.495402] PCCT header not found.
[    1.497592] ACPI: bus type PCI registered
[    1.499957] acpiphp: ACPI Hot Plug PCI Controller Driver version: 0.5
[    1.503820] PCI: Using configuration type 1 for base access
[    1.508710] ACPI: Added _OSI(Module Device)
[    1.510985] ACPI: Added _OSI(Processor Device)
[    1.514037] ACPI: Added _OSI(3.0 _SCP Extensions)
[    1.516531] ACPI: Added _OSI(Processor Aggregator Device)
[    1.520404] ACPI: Executed 1 blocks of module-level executable AML code
[    1.526213] ACPI: Interpreter enabled
[    1.528219] ACPI: (supports S0 S5)
[    1.530059] ACPI: Using IOAPIC for interrupt routing
[    1.533796] PCI: Using host bridge windows from ACPI; if necessary, use "pci=nocrs" and report a bug
[    1.547684] ACPI: PCI Root Bridge [PCI0] (domain 0000 [bus 00-ff])
[    1.552429] acpi PNP0A03:00: _OSC: OS supports [ASPM ClockPM Segments MSI]
[    1.563091] acpi PNP0A03:00: _OSC: not requesting OS control; OS requires [ExtendedConfig ASPM ClockPM MSI]
[    1.572218] acpi PNP0A03:00: fail to add MMCONFIG information, can't access extended PCI configuration space under this bridge.
[    1.583470] PCI host bridge to bus 0000:00
[    1.588497] pci_bus 0000:00: root bus resource [io  0x0000-0x0cf7 window]
[    1.593379] pci_bus 0000:00: root bus resource [io  0x0d00-0xffff window]
[    1.598017] pci_bus 0000:00: root bus resource [mem 0x000a0000-0x000bffff window]
[    1.602072] pci_bus 0000:00: root bus resource [mem 0x40000000-0xfdffffff window]
[    1.607939] pci_bus 0000:00: root bus resource [bus 00-ff]
[    1.623605] pci 0000:00:01.1: legacy IDE quirk: reg 0x10: [io  0x01f0-0x01f7]
[    1.642430] pci 0000:00:01.1: legacy IDE quirk: reg 0x14: [io  0x03f6]
[    1.647313] pci 0000:00:01.1: legacy IDE quirk: reg 0x18: [io  0x0170-0x0177]
[    1.652766] pci 0000:00:01.1: legacy IDE quirk: reg 0x1c: [io  0x0376]
[    1.687986] pci 0000:00:07.0: quirk: [io  0x4000-0x403f] claimed by PIIX4 ACPI
[    1.691730] pci 0000:00:07.0: quirk: [io  0x4100-0x410f] claimed by PIIX4 SMB
[    1.704382] ACPI: PCI Interrupt Link [LNKA] (IRQs 5 9 10 *11)
[    1.709742] ACPI: PCI Interrupt Link [LNKB] (IRQs 5 9 *10 11)
[    1.714156] ACPI: PCI Interrupt Link [LNKC] (IRQs 5 *9 10 11)
[    1.719145] ACPI: PCI Interrupt Link [LNKD] (IRQs 5 9 10 *11)
[    1.723815] ACPI: Enabled 2 GPEs in block 00 to 07
[    1.727578] vgaarb: setting as boot device: PCI:0000:00:02.0
[    1.730395] vgaarb: device added: PCI:0000:00:02.0,decodes=io+mem,owns=io+mem,locks=none
[    1.734597] vgaarb: loaded
[    1.736152] vgaarb: bridge control possible 0000:00:02.0
[    1.740254] SCSI subsystem initialized
[    1.743989] ACPI: bus type USB registered
[    1.746298] usbcore: registered new interface driver usbfs
[    1.749364] usbcore: registered new interface driver hub
[    1.752551] usbcore: registered new device driver usb
[    1.756265] PCI: Using ACPI for IRQ routing
[    1.760260] NetLabel: Initializing
[    1.765285] NetLabel:  domain hash size = 128
[    1.774300] NetLabel:  protocols = UNLABELED CIPSOv4
[    1.780885] NetLabel:  unlabeled traffic allowed by default
[    1.791068] amd_nb: Cannot enumerate AMD northbridges
[    1.794503] clocksource: Switched to clocksource kvm-clock
[    1.813503] AppArmor: AppArmor Filesystem Enabled
[    1.820455] pnp: PnP ACPI init
[    1.825244] pnp: PnP ACPI: found 3 devices
[    1.836727] clocksource: acpi_pm: mask: 0xffffff max_cycles: 0xffffff, max_idle_ns: 2085701024 ns
[    1.847985] NET: Registered protocol family 2
[    1.850523] TCP established hash table entries: 8192 (order: 4, 65536 bytes)
[    1.856789] TCP bind hash table entries: 8192 (order: 5, 131072 bytes)
[    1.861799] TCP: Hash tables configured (established 8192 bind 8192)
[    1.865193] UDP hash table entries: 512 (order: 2, 16384 bytes)
[    1.868437] UDP-Lite hash table entries: 512 (order: 2, 16384 bytes)
[    1.871817] NET: Registered protocol family 1
[    1.874802] pci 0000:00:00.0: Limiting direct PCI/PCI transfers
[    1.878111] pci 0000:00:01.0: Activating ISA DMA hang workarounds
[    1.881569] Unpacking initramfs...
[    2.119750] Freeing initrd memory: 14888K
[    2.123012] clocksource: tsc: mask: 0xffffffffffffffff max_cycles: 0x21442cc8a10, max_idle_ns: 440795238953 ns
[    2.128319] platform rtc_cmos: registered platform RTC device (no PNP device found)
[    2.132239] Scanning for low memory corruption every 60 seconds
[    2.136060] audit: initializing netlink subsys (disabled)
[    2.138970] audit: type=2000 audit(1679741189.459:1): initialized
[    2.144349] Initialise system trusted keyring
[    2.146934] HugeTLB registered 2 MB page size, pre-allocated 0 pages
[    2.151261] zbud: loaded
[    2.153185] VFS: Disk quotas dquot_6.6.0
[    2.155909] VFS: Dquot-cache hash table entries: 512 (order 0, 4096 bytes)
[    2.161005] squashfs: version 4.0 (2009/01/31) Phillip Lougher
[    2.164618] fuse init (API version 7.23)
[    2.167940] Key type big_key registered
[    2.170646] Allocating IMA MOK and blacklist keyrings.
[    2.174951] Key type asymmetric registered
[    2.177953] Asymmetric key parser 'x509' registered
[    2.180676] Block layer SCSI generic (bsg) driver version 0.4 loaded (major 249)
[    2.186549] io scheduler noop registered
[    2.190035] io scheduler deadline registered (default)
[    2.194896] io scheduler cfq registered
[    2.199128] pci_hotplug: PCI Hot Plug PCI Core version: 0.5
[    2.203638] pciehp: PCI Express Hot Plug Controller Driver version: 0.4
[    2.210464] ACPI: AC Adapter [AC] (on-line)
[    2.214352] input: Power Button as /devices/LNXSYSTM:00/LNXPWRBN:00/input/input0
[    2.221640] ACPI: Power Button [PWRF]
[    2.224094] input: Sleep Button as /devices/LNXSYSTM:00/LNXSLPBN:00/input/input1
[    2.231818] ACPI: Sleep Button [SLPF]
[    2.237883] ACPI: Battery Slot [BAT0] (battery present)
[    2.241715] GHES: HEST is not enabled!
[    2.245184] Serial: 8250/16550 driver, 32 ports, IRQ sharing enabled
[    2.279297] 00:02: ttyS0 at I/O 0x3f8 (irq = 4, base_baud = 115200) is a 16550A
[    2.284909] Linux agpgart interface v0.103
[    2.290775] loop: module loaded
[    2.294512] scsi host0: ata_piix
[    2.297144] scsi host1: ata_piix
[    2.299158] ata1: PATA max UDMA/33 cmd 0x1f0 ctl 0x3f6 bmdma 0xd000 irq 14
[    2.303401] ata2: PATA max UDMA/33 cmd 0x170 ctl 0x376 bmdma 0xd008 irq 15
[    2.309005] libphy: Fixed MDIO Bus: probed
[    2.311446] tun: Universal TUN/TAP device driver, 1.6
[    2.314311] tun: (C) 1999-2004 Max Krasnyansky <maxk@qualcomm.com>
[    2.319753] PPP generic driver version 2.4.2
[    2.322388] ehci_hcd: USB 2.0 'Enhanced' Host Controller (EHCI) Driver
[    2.326112] ehci-pci: EHCI PCI platform driver
[    2.329511] ehci-platform: EHCI generic platform driver
[    2.332929] ohci_hcd: USB 1.1 'Open' Host Controller (OHCI) Driver
[    2.336908] ohci-pci: OHCI PCI platform driver
[    2.339361] ohci-platform: OHCI generic platform driver
[    2.342144] uhci_hcd: USB Universal Host Controller Interface driver
[    2.347787] i8042: PNP: PS/2 Controller [PNP0303:PS2K,PNP0f03:PS2M] at 0x60,0x64 irq 1,12
[    2.354834] serio: i8042 KBD port at 0x60,0x64 irq 1
[    2.357541] serio: i8042 AUX port at 0x60,0x64 irq 12
[    2.360531] mousedev: PS/2 mouse device common for all mice
[    2.365913] input: AT Translated Set 2 keyboard as /devices/platform/i8042/serio0/input/input2
[    2.371589] rtc_cmos rtc_cmos: rtc core: registered rtc_cmos as rtc0
[    2.375884] rtc_cmos rtc_cmos: alarms up to one day, 114 bytes nvram
[    2.380382] i2c /dev entries driver
[    2.382566] device-mapper: uevent: version 1.0.3
[    2.385901] device-mapper: ioctl: 4.34.0-ioctl (2015-10-28) initialised: dm-devel@redhat.com
[    2.390762] ledtrig-cpu: registered to indicate activity on CPUs
[    2.394254] NET: Registered protocol family 10
[    2.396919] NET: Registered protocol family 17
[    2.399268] Key type dns_resolver registered
[    2.401793] registered taskstats version 1
[    2.404109] Loading compiled-in X.509 certificates
[    2.407155] Loaded X.509 cert 'Build time autogenerated kernel key: cf00e047681d67edb2720680708b7d9498083038'
[    2.422305] zswap: loaded using pool lzo/zbud
[    2.429226] Key type trusted registered
[    2.442138] Key type encrypted registered
[    2.446152] AppArmor: AppArmor sha1 policy hashing enabled
[    2.453024] ima: No TPM chip found, activating TPM-bypass!
[    2.456943] ima: Allocated hash algorithm: sha1
[    2.459619] evm: HMAC attrs: 0x1
[    2.462093]   Magic number: 15:156:781
[    2.464541] rtc_cmos rtc_cmos: setting system clock to 2023-03-25 10:46:26 UTC (1679741186)
[    2.520127] BIOS EDD facility v0.16 2004-Jun-25, 0 devices found
[    2.523395] EDD information not available.
[    2.528237] Freeing unused kernel memory: 1492K
[    2.531308] Write protecting the kernel read-only data: 14336k
[    2.534726] Freeing unused kernel memory: 1584K
[    2.538071] Freeing unused kernel memory: 52K
Loading, please wait...
starting version 229
[    2.554572] random: udevadm: uninitialized urandom read (16 bytes read, 3 bits of entropy available)
[    2.562066] random: systemd-udevd: uninitialized urandom read (16 bytes read, 3 bits of entropy available)
[    2.569684] random: systemd-udevd: uninitialized urandom read (16 bytes read, 3 bits of entropy available)
[    2.577033] random: udevadm: uninitialized urandom read (16 bytes read, 3 bits of entropy available)
[    2.586154] random: systemd-udevd: uninitialized urandom read (16 bytes read, 3 bits of entropy available)
[    2.591566] random: systemd-udevd: uninitialized urandom read (16 bytes read, 3 bits of entropy available)
[    2.602146] random: udevadm: uninitialized urandom read (16 bytes read, 3 bits of entropy available)
[    2.608487] random: systemd-udevd: uninitialized urandom read (16 bytes read, 3 bits of entropy available)
[    2.614078] random: systemd-udevd: uninitialized urandom read (16 bytes read, 3 bits of entropy available)
[    2.620039] random: udevadm: uninitialized urandom read (16 bytes read, 3 bits of entropy available)
[    2.690772] Fusion MPT base driver 3.04.20
[    2.693316] Copyright (c) 1999-2008 LSI Corporation
[    2.708303] e1000: Intel(R) PRO/1000 Network Driver - version 7.3.21-k8-NAPI
[    2.712804] e1000: Copyright (c) 1999-2006 Intel Corporation.
[    2.747498] Fusion MPT SPI Host driver 3.04.20
[    2.753441] AVX2 version of gcm_enc/dec engaged.
[    2.757044] AES CTR mode by8 optimization enabled
[    2.776270] mptbase: ioc0: Initiating bringup
[    2.849059] ioc0: LSI53C1030 A0: Capabilities={Initiator}
[    2.933599] input: ImExPS/2 Generic Explorer Mouse as /devices/platform/i8042/serio1/input/input4
[    3.017989] scsi host2: ioc0: LSI53C1030 A0, FwRev=00000000h, Ports=1, MaxQ=256, IRQ=20
[    3.144999] scsi 2:0:0:0: Direct-Access     VBOX     HARDDISK         1.0  PQ: 0 ANSI: 5
[    3.150924] scsi target2:0:0: Beginning Domain Validation
[    3.156403] scsi target2:0:0: Domain Validation skipping write tests
[    3.161311] scsi target2:0:0: Ending Domain Validation
[    3.167241] scsi target2:0:0: asynchronous
[    3.175888] scsi 2:0:1:0: Direct-Access     VBOX     HARDDISK         1.0  PQ: 0 ANSI: 5
[    3.197779] scsi target2:0:1: Beginning Domain Validation
[    3.203314] scsi target2:0:1: Domain Validation skipping write tests
[    3.207151] scsi target2:0:1: Ending Domain Validation
[    3.229372] scsi target2:0:1: asynchronous
[    3.439219] sd 2:0:0:0: Attached scsi generic sg0 type 0
[    3.443117] sd 2:0:0:0: [sda] 83886080 512-byte logical blocks: (42.9 GB/40.0 GiB)
[    3.455199] sd 2:0:1:0: Attached scsi generic sg1 type 0
[    3.460819] sd 2:0:1:0: [sdb] 20480 512-byte logical blocks: (10.5 MB/10.0 MiB)
[    3.466773] sd 2:0:1:0: [sdb] Write Protect is off
[    3.476612] sd 2:0:1:0: [sdb] Incomplete mode parameter data
[    3.479840] sd 2:0:1:0: [sdb] Assuming drive cache: write through
[    3.483809] sd 2:0:0:0: [sda] Write Protect is off
[    3.499969] sd 2:0:0:0: [sda] Incomplete mode parameter data
[    3.503971] sd 2:0:0:0: [sda] Assuming drive cache: write through
[    3.510347] sd 2:0:1:0: [sdb] Attached SCSI disk
[    3.532390]  sda: sda1
[    3.548461] sd 2:0:0:0: [sda] Attached SCSI disk
[    3.743111] e1000 0000:00:03.0 eth0: (PCI:33MHz:32-bit) 02:be:82:6b:cc:1d
[    3.747148] e1000 0000:00:03.0 eth0: Intel(R) PRO/1000 Network Connection
[    4.203843] e1000 0000:00:08.0 eth1: (PCI:33MHz:32-bit) 08:00:27:d3:84:79
[    4.208663] e1000 0000:00:08.0 eth1: Intel(R) PRO/1000 Network Connection
[    4.213740] e1000 0000:00:08.0 enp0s8: renamed from eth1
[    4.218683] e1000 0000:00:03.0 enp0s3: renamed from eth0
Begin: Loading essential drivers ... [    5.735848] md: linear personality registered for level -1
[    5.743415] md: multipath personality registered for level -4
[    5.750245] md: raid0 personality registered for level 0
[    5.760837] md: raid1 personality registered for level 1
[    5.840760] raid6: sse2x1   gen() 11723 MB/s
[    5.920646] raid6: sse2x1   xor()  7862 MB/s
[    6.000624] raid6: sse2x2   gen() 17383 MB/s
[    6.070678] raid6: sse2x2   xor() 10048 MB/s
[    6.150339] raid6: sse2x4   gen() 17899 MB/s
[    6.230159] raid6: sse2x4   xor() 11183 MB/s
[    6.310031] raid6: avx2x1   gen() 23968 MB/s
[    6.389884] raid6: avx2x2   gen() 31378 MB/s
[    6.469643] raid6: avx2x4   gen() 32749 MB/s
[    6.472932] raid6: using algorithm avx2x4 gen() 32749 MB/s
[    6.476133] raid6: using avx2x2 recovery algorithm
[    6.480644] xor: automatically using best checksumming function:
[    6.579510]    avx       : 58079.000 MB/sec
[    6.583821] async_tx: api initialized (async)
[    6.608342] md: raid6 personality registered for level 6
[    6.611441] md: raid5 personality registered for level 5
[    6.614398] md: raid4 personality registered for level 4
[    6.627157] md: raid10 personality registered for level 10
done.
Begin: Running /scripts/init-premount ... done.
Begin: Mounting root file system ... Begin: Running /scripts/local-top ... done.
Begin: Running /scripts/local-premount ... [    6.692568] Btrfs loaded
Scanning for Btrfs filesystems
done.
Warning: fsck not present, so skipping root file system
[    6.726790] EXT4-fs (sda1): mounted filesystem with ordered data mode. Opts: (null)
done.
Begin: Running /scripts/local-bottom ... done.
Begin: Running /scripts/init-bottom ... done.
[    6.841454] systemd[1]: systemd 229 running in system mode. (+PAM +AUDIT +SELINUX +IMA +APPARMOR +SMACK +SYSVINIT +UTMP +LIBCRYPTSETUP +GCRYPT +GNUTLS +ACL +XZ -LZ4 +SECCOMP +BLKID +ELFUTILS +KMOD -IDN)
[    6.850623] systemd[1]: Detected virtualization oracle.
[    6.853398] systemd[1]: Detected architecture x86-64.

Welcome to [1mUbuntu 16.04.7 LTS[0m!

[    6.861892] systemd[1]: Set hostname to <ubuntu>.
[    6.868086] systemd[1]: Initializing machine ID from random generator.
[    6.871764] systemd[1]: Installed transient /etc/machine-id file.
[    7.017385] systemd[1]: Set up automount Arbitrary Executable File Formats File System Automount Point.
[[0;32m  OK  [0m] Set up automount Arbitrary Executab...ats File System Automount Point.
[    7.026858] systemd[1]: Reached target System Time Synchronized.
[[0;32m  OK  [0m] Reached target System Time Synchronized.
[    7.033860] systemd[1]: Listening on Device-mapper event daemon FIFOs.
[[0;32m  OK  [0m] Listening on Device-mapper event daemon FIFOs.
[    7.041174] systemd[1]: Listening on Journal Audit Socket.
[[0;32m  OK  [0m] Listening on Journal Audit Socket.
[    7.047542] systemd[1]: Listening on udev Control Socket.
[[0;32m  OK  [0m] Listening on udev Control Socket.
[    7.054185] systemd[1]: Listening on udev Kernel Socket.
[[0;32m  OK  [0m] Listening on udev Kernel Socket.
[    7.060447] systemd[1]: Listening on fsck to fsckd communication Socket.
[[0;32m  OK  [0m] Listening on fsck to fsckd communication Socket.
[    7.067439] systemd[1]: Listening on LVM2 poll daemon socket.
[[0;32m  OK  [0m] Listening on LVM2 poll daemon socket.
[    7.074342] systemd[1]: Created slice System Slice.
[[0;32m  OK  [0m] Created slice System Slice.
[    7.080424] systemd[1]: Created slice User and Session Slice.
[[0;32m  OK  [0m] Created slice User and Session Slice.
[    7.086886] systemd[1]: Reached target Slices.
[[0;32m  OK  [0m] Reached target Slices.
[    7.092400] systemd[1]: Started Trigger resolvconf update for networkd DNS.
[[0;32m  OK  [0m] Started Trigger resolvconf update for networkd DNS.
[    7.099589] systemd[1]: Listening on LVM2 metadata daemon socket.
[[0;32m  OK  [0m] Listening on LVM2 metadata daemon socket.
[    7.106333] systemd[1]: Created slice system-serial\x2dgetty.slice.
[[0;32m  OK  [0m] Created slice system-serial\x2dgetty.slice.
[    7.113326] systemd[1]: Reached target User and Group Name Lookups.
[[0;32m  OK  [0m] Reached target User and Group Name Lookups.
[    7.120209] systemd[1]: Reached target Encrypted Volumes.
[[0;32m  OK  [0m] Reached target Encrypted Volumes.
[    7.126268] systemd[1]: Started Forward Password Requests to Wall Directory Watch.
[[0;32m  OK  [0m] Started Forward Password Requests to Wall Directory Watch.
[    7.133999] systemd[1]: Listening on /dev/initctl Compatibility Named Pipe.
[[0;32m  OK  [0m] Listening on /dev/initctl Compatibility Named Pipe.
[    7.141879] systemd[1]: Listening on Journal Socket (/dev/log).
[[0;32m  OK  [0m] Listening on Journal Socket (/dev/log).
[    7.147940] systemd[1]: Listening on Syslog Socket.
[[0;32m  OK  [0m] Listening on Syslog Socket.
[    7.153697] systemd[1]: Listening on Journal Socket.
[[0;32m  OK  [0m] Listening on Journal Socket.
[    7.160103] random: nonblocking pool is initialized
[    7.164740] systemd[1]: Starting Load Kernel Modules...
         Starting Load Kernel Modules...
[    7.174558] systemd[1]: Starting Journal Service...
         Starting Journal Service...
[    7.188573] systemd[1]: Starting Nameserver information manager...
         Starting Nameserver information manager...
[    7.194532] Loading iSCSI transport class v2.0-870.
[    7.202202] systemd[1]: Starting Monitoring of LVM2 mirrors, snapshots etc. using dmeventd or progress polling...
         Starting Monitoring of LVM2 mirrors... dmeventd or progress polling...
[    7.223845] systemd[1]: Starting Uncomplicated firewall...
         Starting Uncomplicated firewall...[    7.229875] iscsi: registered transport (tcp)

[    7.237453] systemd[1]: Starting Set console keymap...
         Starting Set console keymap...
[    7.251920] systemd[1]: Mounting Huge Pages File System...
         Mounting Huge Pages File System...
[    7.265953] systemd[1]: Mounting POSIX Message Queue File System...
         Mounting POSIX Message Queue File System...
[    7.279375] systemd[1]: Starting File System Check on Root Device...
         Starting File System Check on Root Device...
[    7.300272] systemd[1]: Mounting Debug File System...
         Mounting Debug File System...
[    7.309236] systemd[1]: Starting Create list of required static device nodes for the current kernel...
         Starting Create list of required st... nodes for the current kernel...
[    7.327162] systemd[1]: Reached target Swap.
[[0;32m  OK  [0m] Reached target Swap.
[    7.342072] systemd[1]: Mounted Huge Pages File System.
[[0;32m  OK  [0m] Mounted Huge Pages File System.
[    7.347948] systemd[1]: Mounted POSIX Message Queue File System.
[[0;32m  OK  [0m] Mounted POSIX Message Queue File System.
[    7.365383] systemd[1]: Mounted Debug File System.
[[0;32m  OK  [0m[    7.376108] iscsi: registered transport (iser)
] Mounted Debug File System.
[    7.381131] systemd[1]: Started Journal Service.
[[0;32m  OK  [0m] Started Journal Service.
[[0;32m  OK  [0m] Started Load Kernel Modules.
[[0;32m  OK  [0m] Started Uncomplicated firewall.
[[0;32m  OK  [0m] Started Set console keymap.
[[0;32m  OK  [0m] Started File System Check on Root Device.
[[0;32m  OK  [0m] Started Create list of required sta...ce nodes for the current kernel.
[[0;32m  OK  [0m] Started Nameserver information manager.
[[0;32m  OK  [0m] Started File System Check Daemon to report status.
[[0;32m  OK  [0m] Started LVM2 metadata daemon.
         Starting Create Static Device Nodes in /dev...
         Starting Remount Root and Kernel File Systems...
         Mounting FUSE Control File System...
         Starting Apply Kernel Variables...
[    7.487319] EXT4-fs (sda1): re-mounted. Opts: (null)
[[0;32m  OK  [0m] Mounted FUSE Control File System.
[[0;32m  OK  [0m] Started Create Static Device Nodes in /dev.
[[0;32m  OK  [0m] Started Remount Root and Kernel File Systems.
[[0;32m  OK  [0m] Started Apply Kernel Variables.
         Starting Load/Save Random Seed...
         Starting Flush Journal to Persistent Storage...
         Starting udev Coldplug all Devices...
         Starting udev Kernel Device Manager...
[[0;32m  OK  [0m] Started Load/Save Random Seed.
[[0;32m  OK  [0m] Started Flush Journal to Persistent Storage.
[[0;32m  OK  [0m] Started udev Kernel Device Manager.
[[0;32m  OK  [0m] Started udev Coldplug all Devices.
[[0;32m  OK  [0m] Started Dispatch Password Requests to Console Directory Watch.
[[0;32m  OK  [0m] Found device /dev/ttyS0.
[[0;32m  OK  [0m] Started Monitoring of LVM2 mirrors,...ng dmeventd or progress polling.
[[0;32m  OK  [0m] Reached target Local File Systems (Pre).
[[0;32m  OK  [0m] Reached target Local File Systems.
         Starting LSB: AppArmor initialization...
         Starting Set console font and keymap...
         Starting Tell Plymouth To Write Out Runtime Data...
         Starting Commit a transient machine-id on disk...
         Starting Create Volatile Files and Directories...
         Starting Initial cloud-init job (pre-networking)...
[[0;32m  OK  [0m] Started Commit a transient machine-id on disk.
[[0;32m  OK  [0m] Started Tell Plymouth To Write Out Runtime Data.
[[0;32m  OK  [0m] Started Create Volatile Files and Directories.
         Starting Update UTMP about System Boot/Shutdown...
[[0;32m  OK  [0m] Started Update UTMP about System Boot/Shutdown.
[[0;32m  OK  [0m] Listening on Load/Save RF Kill Switch Status /dev/rfkill Watch.
[    8.369867] cloud-init[521]: Cloud-init v. 21.1-19-gbad84ad4-0ubuntu1~16.04.2 running 'init-local' at Sat, 25 Mar 2023 10:46:33 +0000. Up 7.80 seconds.
[[0;32m  OK  [0m] Started Initial cloud-init job (pre-networking).
[[0;32m  OK  [0m] Started LSB: AppArmor initialization.
         Starting Load AppArmor profiles managed internally by snapd...
[[0;32m  OK  [0m] Reached target Network (Pre).
         Starting Raise network interfaces...
[[0;32m  OK  [0m] Started Load AppArmor profiles managed internally by snapd.
[[0;32m  OK  [0m] Started Set console font and keymap.
[[0;32m  OK  [0m] Created slice system-getty.slice.
[[0;32m  OK  [0m] Started Raise network interfaces.
         Starting Initial cloud-init job (metadata service crawler)...
[[0;32m  OK  [0m] Reached target Network.
[   10.512057] cloud-init[964]: Cloud-init v. 21.1-19-gbad84ad4-0ubuntu1~16.04.2 running 'init' at Sat, 25 Mar 2023 10:46:35 +0000. Up 9.94 seconds.
[   10.528186] cloud-init[964]: ci-info: ++++++++++++++++++++++++++++++++++++++Net device info+++++++++++++++++++++++++++++++++++++++
[   10.533644] cloud-init[964]: ci-info: +--------+-------+----------------------------+---------------+--------+-------------------+
[   10.547105] cloud-init[964]: ci-info: | Device |   Up  |          Address           |      Mask     | Scope  |     Hw-Address    |
[   10.566820] cloud-init[964]: ci-info: +--------+-------+----------------------------+---------------+--------+-------------------+
[   10.573495] cloud-init[964]: ci-info: | enp0s3 |  True |         10.0.2.15          | 255.255.255.0 | global | 02:be:82:6b:cc:1d |
[[0;32m  OK  [0m] Started Initial cloud-init job (metadata service crawler).
[   10.584936] cloud-init[964]: ci-info: | enp0s3 |  True | fe80::be:82ff:fe6b:cc1d/64 |       .       |  link  | 02:be:82:6b:cc:1d |
[[0;32m  OK  [0m] Reached target Cloud-config availability.
[   10.595016] [[0;32m  OK  [0m] Reached target System Initialization.
[[0;32m  OK  [0m] Started Ubuntu Advantage update messaging.
[[0;32m  OK  [0m] Started Daily Cleanup of Temporary Directories.
[[0;32m  OK  [0m] cloud-init[964]: ci-info: | enp0s8 | False |             .              |       .       |   .    | 08:00:27:d3:84:79 |
[   10.609738] cloud-init[964]: ci-info: |   lo   |  True |         127.0.0.1          |   255.0.0.0   |  host  |         .         |
[   10.613883] cloud-init[964]: ci-info: |   lo   |  True |          ::1/128           |       .       |  host  |         .         |Started Message of the Day.
[[0;32m  OK  [0m] Listening on D-Bus System Message Bus Socket.

[   10.622560] cloud-init[964]: ci-info: +--------+-------+----------------------------+---------------+--------+-------------------+
[[0;32m  OK  [0m] Started ACPI Events Check.
[[0;32m  OK  [0m] Reached target Paths.
[   10.633096] cloud-init[964]: ci-info: +++++++++++++++++++++++++++Route IPv4 info++++++++++++++++++++++++++++         Starting LXD - unix socket.
[[0;32m  OK  [0m] Started Daily apt download activities.
[[0;32m  OK  [0m] Listening on ACPID Listen Socket.
[[0;32m  OK  [0m] Listening on UUID daemon activation socket.
[   10.646860] cloud-init[964]: ci-info: +-------+-------------+----------+---------------+-----------+-------+
[   10.650119] cloud-init[964]: ci-info: | Route | Destination | Gateway  |    Genmask    | Interface | Flags |
[   10.653333] cloud-init[964]: ci-info: +-------+-------------+----------+---------------+-----------+-------+
[[0;32m  OK  [0m] Started Daily apt upgrade and clean activities.
[[0;32m  OK  [0m] Reached target Timers.
         Starting Socket activation for snappy daemon.
[[0;32m  OK  [0m] Reached target Network is Online.
[   10.666909] cloud-init[964]: ci-info: |   0   |   0.0.0.0   | 10.0.2.2 |    0.0.0.0    |   enp0s3  |   UG  |
[   10.670165] cloud-init[964]: ci-info: |   1   |   10.0.2.0  | 0.0.0.0  | 255.255.255.0 |   enp0s3  |   U   |
[   10.673429] cloud-init[964]: ci-info: +-------+-------------+----------+---------------+-----------+-------+
         Starting iSCSI initiator daemon (iscsid)...
[[0;32m  OK  [0m] Listening on LXD - unix socket.
[[0;32m  OK  [0m] Listening on Socket activation for snappy daemon.
[[0;32m  OK  [0m
[   10.686847] cloud-init[964]: ci-info: +++++++++++++++++++Route IPv6 info+++++++++++++++++++
[   10.689797] cloud-init[964]: ci-info: +-------+-------------+---------+-----------+-------+
[   10.692798] cloud-init[964]: ci-info: | Route | Destination | Gateway | Interface | Flags |
] Reached target Sockets.
[[0;32m  OK  [0m] Reached target Basic System.
[   10.700384]          Starting System Logging Service...
[cloud-init[964]: ci-info: +-------+-------------+---------+-----------+-------+[0;32m  OK  [0m] Started FUSE filesystem for LXC.

         Starting Login Service...
[   10.731313]          Starting /etc/rc.local Compatibility...cloud-init
         Starting Virtualbox guest utils...
[[0;32m  OK  [0m] Started Deferred execution scheduler.
[964]: ci-info: |   0   |  fe80::/64  |    ::   |   enp0s3  |   U   |
[   10.748156] cloud-init[[0;32m  OK  [0m] Started Regular background program processing daemon.
[964]:          Starting Pollinate to seed the pseudo random number generator...
         Starting Accounts Service...
         ci-info: |   3   |   ff00::/8  |    ::   |   enp0s3  |   U   |Starting LSB: MD monitoring daemon...

[[0;32m  OK  [0m] Started ACPI event daemon.
         Starting LSB: Record successful boot for GRUB...
[[0;32m  OK  [0m] Started D-Bus System Message Bus.
[   10.813240] cloud-init[964]: ci-info: +-------+-------------+---------+-----------+-------+
[   10.828463] cloud-init         Starting Snap Daemon...
         Starting LXD - container startup/shutdown...
[964]: Generating public/private rsa key pair.[[0;32m  OK  [0m] Started System Logging Service.
[[0;32m  OK  [0m] Started /etc/rc.local Compatibility.

[[0;32m  OK  [0m] Started iSCSI initiator daemon (iscsid).
[[0;32m  OK  [0m] Started Login Service.
[[0;32m  OK  [0m] Started Unattended Upgrades Shutdown.
[   10.933974]          Starting Login to default iSCSI targets...
[[0;32m  OK  [0m] Started LSB: Record successful boot for GRUB.
         Starting Authenticate and Authorize Users to Run Privileged Tasks...
cloud-init[[0;32m  OK  [0m] Started Login to default iSCSI targets.
[[0;32m  OK  [0m] Reached target Remote File Systems (Pre).
[[0;32m  OK  [0m] Reached target Remote File Systems.
         Starting LSB: daemon to balance interrupts for SMP systems...
         Starting Permit User Sessions...
         Starting LSB: Set the CPU Frequency Scaling governor to "ondemand"...
         Starting LSB: automatic crash report generation...
[[0;32m  OK  [0m] Started Permit User Sessions.
         Starting Hold until boot process finishes up...
         Starting Terminate Plymouth Boot Screen...
[[0;32m  OK  [0m] Started Hold until boot process finishes up.
         Starting Set console scheme...
[[0;32m  OK  [0m] Started Getty on tty1.
[[0;32m  OK  [0m] Started Serial Getty on ttyS0.
[[0;32m  OK  [0m] Reached target Login Prompts.
[[0;32m  OK  [0m] Started Terminate Plymouth Boot Screen.
[[0;32m  OK  [0m] Started Set console scheme.
[964]: Your identification has been saved in /etc/ssh/ssh_host_rsa_key.
[[0;32m  OK  [0m] Started LSB: MD monitoring daemon.
[   11.089340] cloud-init[964]: Your public key has been saved in /etc/ssh/ssh_host_rsa_key.pub.
[[0;32m  OK  [0m] Started Authenticate and Authorize Users to Run Privileged Tasks.
[[0;32m  OK  [0m] Started Accounts Service.
[[0;32m  OK  [0m] Started LSB: Set the CPU Frequency Scaling governor to "ondemand".
[   11.140135] cloud-init[964]: The key fingerprint is:
[   11.173001] cloud-init[964]: SHA256:zj9SiHCnmC0LOQri7B5gpgxEnb7nf3zWD7+EXJyt+2w root@ubuntu-xenial[[0;32m  OK  [0m] Started LSB: automatic crash report generation.

[   11.223952] cloud-init[[0;32m  OK  [0m] Started LXD - container startup/shutdown.
[964]: The key's randomart image is:
[   11.260793] cloud-init[964]: +---[RSA 2048]----+
[   11.283614] cloud-init[964]: | .. .            |
[[0;32m  OK  [0m] Started Virtualbox guest utils.
[   11.313897] cloud-init[964]: |.  o             |
[[0;32m  OK  [0m] Started LSB: daemon to balance interrupts for SMP systems.
[   11.350019] cloud-init[964]: | ..              |
[   11.364852] cloud-init[964]: |.  .. . .     . o|
[   11.371538] cloud-init[964]: |oo ..* +S.     +.|
[   11.386841] cloud-init[964]: |X +.+.+o. . . o. |
[   11.407596] cloud-init[964]: |*+ ooo  +.  .+.. |
[   11.411948] cloud-init[964]: |.o. ..  .+.o .+oE|
[   11.417625] cloud-init[964]: |oo    ....+.  o*+|
[   11.434260] cloud-init[964]: +----[SHA256]-----+
[   11.441799] cloud-init[964]: Generating public/private dsa key pair.
[   11.448395] cloud-init[964]: Your identification has been saved in /etc/ssh/ssh_host_dsa_key.
[   11.468643] cloud-init[964]: Your public key has been saved in /etc/ssh/ssh_host_dsa_key.pub.
[   11.476685] cloud-init[964]: The key fingerprint is:
[   11.485033] cloud-init[964]: SHA256:1+eFOqLPHkuHlYybawhePI6nzjvwNr0seWJsKDeggK0 root@ubuntu-xenial
[   11.502661] cloud-init[964]: The key's randomart image is:
[   11.511483] cloud-init[964]: +---[DSA 1024]----+
[   11.525567] cloud-init[964]: |                 |
[   11.533318] cloud-init[964]: [[0;32m  OK  [0m] Started Snap Daemon.
         Starting Wait until snapd is fully seeded...|                 |

[   11.561790] cloud-init[964]: |                 |
[   11.572865] cloud-init[964]: |           + . . |
[   11.582740] cloud-init[964]: |..     .S o = o .|
[   11.596549] cloud-init[964]: |o o . . +. = + . |
[   11.614447] cloud-init[964]: |.o . * B oB + .  |
[   11.625368] cloud-init[964]: |E . +.#.*+.* .   |
[   11.630271] cloud-init[964]: |   o *=X+=*      |
[   11.636683] cloud-init[964]: +----[SHA256]-----+
[   11.640479] cloud-init[964]: Generating public/private ecdsa key pair.
[   11.653746] cloud-init[964]: Your identification has been saved in /etc/ssh/ssh_host_ecdsa_key.
[   11.660584] cloud-init[964]: Your public key has been saved in /etc/ssh/ssh_host_ecdsa_key.pub.
[   11.669107] cloud-init[964]: The key fingerprint is:
[   11.676248] cloud-init[964]: SHA256:eNcYnP4eQL12VNyN+JKWvRi/Xji+3zlNHS7t6EXZ600 root@ubuntu-xenial
[   11.682013] cloud-init[964]: The key's randomart image is:
[   11.690552] cloud-init[964]: +---[ECDSA 256]---+
[   11.696802] cloud-init[964]: |             . o+|
[   11.701570] cloud-init[964]: |         . o. ..+|
[   11.709736] cloud-init[964]: |          = .=.  |
[   11.715758] cloud-init[964]: |       . o +*oo.o|
[   11.721266] cloud-init[964]: |      . S =.+=+++|
[   11.726907] cloud-init[964]: |       . . +.o+++|
[   11.732198] cloud-init[964]: |            o *=E|
[   11.738631] cloud-init[964]: |           . ++*=|
[   11.745653] cloud-init[964]: |            oo+==|
[   11.756540] cloud-init[964]: +----[SHA256]-----+
[   11.764220] cloud-init[964]: Generating public/private ed25519 key pair.
[   11.770940] cloud-init[964]: Your identification has been saved in /etc/ssh/ssh_host_ed25519_key.
[   11.777764] cloud-init[964]: Your public key has been saved in /etc/ssh/ssh_host_ed25519_key.pub.
[   11.785681] cloud-init[964]: The key fingerprint is:
[   11.791871] cloud-init[964]: SHA256:MZFuaTRrfS8cWoTxvF0lnEOPxKLSN88xsrkfH1ZSDO8 root@ubuntu-xenial
[   11.799129] cloud-init[964]: The key's randomart image is:
[   11.806985] cloud-init[964]: +--[ED25519 256]--+
[   11.814083] cloud-init[964]: |        ...o +=..|
[   11.826691] cloud-init[964]: |        +..oo.=B.|
[   11.834495] cloud-init[964]: |       oo* oo...*|
[   11.839780] cloud-init[964]: |        Oo+ Boo+ |
[   11.848732] cloud-init[964]: |       +S. *.XooE|
[   11.851962] cloud-init[964]: |          . = +..|
[   11.856007] cloud-init[964]: |             o.o |
[   11.859213] cloud-init[964]: |            . .o.|
[   11.863382] cloud-init[964]: |             .. .|
[   11.866808] cloud-init[964]: +----[SHA256]-----+
[[0;32m  OK  [0m] Started Pollinate to seed the pseudo random number generator.
         Starting OpenBSD Secure Shell server...
[[0;32m  OK  [0m] Started OpenBSD Secure Shell server.
[[0;32m  OK  [0m] Created slice User Slice of vagrant.
[[0;32m  OK  [0m] Started Session 1 of user vagrant.
         Starting User Manager for UID 1000...
[[0;32m  OK  [0m] Started User Manager for UID 1000.
[[0;32m  OK  [0m] Started Wait until snapd is fully seeded.
         Starting Apply the settings specified in cloud-config...
[[0;32m  OK  [0m] Reached target Multi-User System.
[[0;32m  OK  [0m] Reached target Graphical Interface.
         Starting Update UTMP about System Runlevel Changes...
[[0;32m  OK  [0m] Started Update UTMP about System Runlevel Changes.
[   14.168711] cloud-init[1495]: Generating locales (this might take a while)...
[[0;32m  OK  [0m] Started Session 2 of user vagrant.
[   14.945870] cloud-init[1495]:   en_US.UTF-8... done
[   14.951268] cloud-init[1495]: Generation complete.
[   15.214039] cloud-init[1495]: Cloud-init v. 21.1-19-gbad84ad4-0ubuntu1~16.04.2 running 'modules:config' at Sat, 25 Mar 2023 10:46:39 +0000. Up 14.05 seconds.
[[0;32m  OK  [0m] Started Apply the settings specified in cloud-config.
         Starting Execute cloud user/final scripts...
ci-info: no authorized SSH keys fingerprints found for user ubuntu.
<14>Mar 25 10:46:40 ec2: 
<14>Mar 25 10:46:40 ec2: #############################################################
<14>Mar 25 10:46:40 ec2: -----BEGIN SSH HOST KEY FINGERPRINTS-----
<14>Mar 25 10:46:40 ec2: 1024 SHA256:1+eFOqLPHkuHlYybawhePI6nzjvwNr0seWJsKDeggK0 root@ubuntu-xenial (DSA)
<14>Mar 25 10:46:40 ec2: 256 SHA256:eNcYnP4eQL12VNyN+JKWvRi/Xji+3zlNHS7t6EXZ600 root@ubuntu-xenial (ECDSA)
<14>Mar 25 10:46:40 ec2: 256 SHA256:MZFuaTRrfS8cWoTxvF0lnEOPxKLSN88xsrkfH1ZSDO8 root@ubuntu-xenial (ED25519)
<14>Mar 25 10:46:40 ec2: 2048 SHA256:zj9SiHCnmC0LOQri7B5gpgxEnb7nf3zWD7+EXJyt+2w root@ubuntu-xenial (RSA)
<14>Mar 25 10:46:40 ec2: -----END SSH HOST KEY FINGERPRINTS-----
<14>Mar 25 10:46:40 ec2: #############################################################
-----BEGIN SSH HOST KEY KEYS-----
ecdsa-sha2-nistp256 AAAAE2VjZHNhLXNoYTItbmlzdHAyNTYAAAAIbmlzdHAyNTYAAABBBN6qLBmlec3vggP72Wnc8VrbXqmgR4dzwjxRnHMEdcNWSCxbncNkL8fAe2pyS8yuljoRUdiRaLigsBKtuGRIHRI= root@ubuntu-xenial
ssh-ed25519 AAAAC3NzaC1lZDI1NTE5AAAAIHpf+WR2MrNVBFetoQNri3kEppdzl8EuF48d/1hHFNDa root@ubuntu-xenial
ssh-rsa AAAAB3NzaC1yc2EAAAADAQABAAABAQCdwV0vxnwJMIs2iAvmHcrRJ44vDrmzJ74lD6clHi/SuxDNUUUHLnGHdg7mWwGg+FLiKM79Ijhsx/nlZKRjATzZ9EG2e3AkA/wX3+wdqiIaxTbEx4VAigc5cdfv/5RoRoufRvDEYfab+taGJo6SUsiEkj6FTSGFhc7FJ9+IYK7MZxhNrKHAcwh8QjUVP4RSrVoJTfG1vLeHW/FLwnfcy/jWgI9oJF2rJswWh32SffpwS/wP6pgXgF7PMbGAjsaiglfTW0Fk/P8fai0x5tqetHT3r3AQUfgg3T3pE7lE84Ns+MxmayqlioLjrHDM2U4J0sAjhwLJ14G1VfsXy0ceb/n7 root@ubuntu-xenial
-----END SSH HOST KEY KEYS-----
[   15.694393] cloud-init[1650]: Cloud-init v. 21.1-19-gbad84ad4-0ubuntu1~16.04.2 running 'modules:final' at Sat, 25 Mar 2023 10:46:40 +0000. Up 15.47 seconds.
[   15.720324] cloud-init[1650]: ci-info: no authorized SSH keys fingerprints found for user ubuntu.
[   15.737353] cloud-init[1650]: Cloud-init v. 21.1-19-gbad84ad4-0ubuntu1~16.04.2 finished at Sat, 25 Mar 2023 10:46:41 +0000. Datasource DataSourceNoCloud [seed=/dev/sdb][dsmode=net].  Up 15.68 seconds
         Starting Hostname Service...
[[0;32m  OK  [0m] Started Execute cloud user/final scripts.
[[0;32m  OK  [0m] Reached target Cloud-init target.
[[0;32m  OK  [0m] Started Hostname Service.

Ubuntu 16.04.7 LTS nginx ttyS0

nginx login: 